<html>
<body>
<pre>
<h1>µVision Build Log</h1>
<h2>Project:</h2>
E:\MoblieHD\originCode\CEXE\wanggehuamozucaijiban\USER\EXIT.uvproj
Project File Date:  12/09/2017

<h2>Output:</h2>
Build target 'Target 1'
compiling main.c...
compiling stm32f10x_it.c...
compiling system_stm32f10x.c...
compiling led.c...
compiling exti.c...
compiling timer.c...
compiling beep.c...
compiling spi.c...
compiling am2305.c...
compiling max31865.c...
compiling fsx2.c...
compiling response.c...
compiling adc.c...
compiling dac.c...
compiling rs485.c...
compiling ds18b20.c...
compiling flash.c...
compiling opc.c...
compiling delay.c...
compiling sys.c...
compiling usart.c...
compiling core_cm3.c...
assembling startup_stm32f10x_md.s...
compiling misc.c...
compiling stm32f10x_gpio.c...
compiling stm32f10x_rcc.c...
compiling stm32f10x_usart.c...
compiling stm32f10x_exti.c...
compiling stm32f10x_tim.c...
compiling stm32f10x_spi.c...
compiling stm32f10x_adc.c...
compiling stm32f10x_dac.c...
compiling mbcrc.c...
compiling modbus_slave.c...
linking...
Program Size: Code=15362 RO-data=782 RW-data=636 ZI-data=7628  
FromELF: creating hex file...
"..\OBJ\EXIT.axf" - 0 Error(s), 0 Warning(s).
