ARM Linker, 5.03 [Build 76] [MDK-ARM Standard]

==============================================================================

Section Cross References

    main.o(.text) refers to delay.o(.text) for delay_init
    main.o(.text) refers to sys.o(.text) for NVIC_Configuration
    main.o(.text) refers to led.o(.text) for LED_Init
    main.o(.text) refers to usart.o(.text) for uart2_init
    main.o(.text) refers to timer.o(.text) for TIM2_Int_Init
    main.o(.text) refers to response.o(.text) for PMS_IO_Init
    main.o(.text) refers to modbus_slave.o(.text) for RS485_Initt
    main.o(.text) refers to adc.o(.text) for Adc_Init
    main.o(.text) refers to fflt_clz.o(x$fpl$ffltu) for __aeabi_ui2f
    main.o(.text) refers to fmul.o(x$fpl$fmul) for __aeabi_fmul
    main.o(.text) refers to f2d.o(x$fpl$f2d) for __aeabi_f2d
    main.o(.text) refers to dmul.o(x$fpl$dmul) for __aeabi_dmul
    main.o(.text) refers to ddiv.o(x$fpl$ddiv) for __aeabi_ddiv
    main.o(.text) refers to d2f.o(x$fpl$d2f) for __aeabi_d2f
    main.o(.text) refers to faddsub_clz.o(x$fpl$fadd) for __aeabi_fadd
    main.o(.text) refers to ffixu.o(x$fpl$ffixu) for __aeabi_f2uiz
    main.o(.text) refers to main.o(.data) for adcx
    system_stm32f10x.o(.text) refers to system_stm32f10x.o(.data) for SystemCoreClock
    led.o(.text) refers to stm32f10x_rcc.o(.text) for RCC_APB2PeriphClockCmd
    led.o(.text) refers to stm32f10x_gpio.o(.text) for GPIO_Init
    timer.o(.text) refers to stm32f10x_rcc.o(.text) for RCC_APB1PeriphClockCmd
    timer.o(.text) refers to stm32f10x_tim.o(.text) for TIM_TimeBaseInit
    timer.o(.text) refers to misc.o(.text) for NVIC_Init
    timer.o(.text) refers to modbus_slave.o(.text) for RS485_Service
    timer.o(.text) refers to rt_memcpy_v6.o(.text) for __aeabi_memcpy
    timer.o(.text) refers to rt_memclr.o(.text) for __aeabi_memclr
    timer.o(.text) refers to response.o(.text) for CheackDat
    timer.o(.text) refers to usart.o(.data) for USART2_RX_STA
    timer.o(.text) refers to usart.o(.bss) for USART2_RX_BUF
    beep.o(.text) refers to stm32f10x_rcc.o(.text) for RCC_APB2PeriphClockCmd
    beep.o(.text) refers to stm32f10x_gpio.o(.text) for GPIO_Init
    spi.o(.text) refers to stm32f10x_rcc.o(.text) for RCC_APB2PeriphClockCmd
    spi.o(.text) refers to stm32f10x_gpio.o(.text) for GPIO_Init
    spi.o(.text) refers to stm32f10x_spi.o(.text) for SPI_Init
    am2305.o(.text) refers to stm32f10x_rcc.o(.text) for RCC_APB2PeriphClockCmd
    am2305.o(.text) refers to stm32f10x_gpio.o(.text) for GPIO_Init
    am2305.o(.text) refers to delay.o(.text) for delay_us
    am2305.o(.text) refers to am2305.o(.data) for Sensor_Data
    max31865.o(.text) refers to stm32f10x_rcc.o(.text) for RCC_APB2PeriphClockCmd
    max31865.o(.text) refers to stm32f10x_gpio.o(.text) for GPIO_Init
    max31865.o(.text) refers to spi.o(.text) for SPI2_Init
    max31865.o(.text) refers to stm32f10x_spi.o(.text) for SPI_I2S_ReceiveData
    max31865.o(.text) refers to max31865.o(.data) for TIMEOUT
    fsx2.o(.text) refers to rs485.o(.text) for RS485_Send_Data
    fsx2.o(.text) refers to delay.o(.text) for delay_ms
    fsx2.o(.text) refers to fsx2.o(.data) for FSX_TX_BUF
    fsx2.o(.text) refers to fsx2.o(.bss) for FSX_RX_BUF
    response.o(.text) refers to rt_memclr.o(.text) for __aeabi_memclr
    response.o(.text) refers to stm32f10x_usart.o(.text) for USART_SendData
    response.o(.text) refers to stm32f10x_rcc.o(.text) for RCC_APB2PeriphClockCmd
    response.o(.text) refers to stm32f10x_gpio.o(.text) for GPIO_Init
    response.o(.text) refers to response.o(.data) for auchCRCHi
    response.o(.text) refers to usart.o(.bss) for USART_TX_BUF
    adc.o(.text) refers to stm32f10x_rcc.o(.text) for RCC_APB2PeriphClockCmd
    adc.o(.text) refers to stm32f10x_gpio.o(.text) for GPIO_Init
    adc.o(.text) refers to stm32f10x_adc.o(.text) for ADC_DeInit
    adc.o(.text) refers to delay.o(.text) for delay_ms
    dac.o(.text) refers to stm32f10x_rcc.o(.text) for RCC_APB2PeriphClockCmd
    dac.o(.text) refers to stm32f10x_gpio.o(.text) for GPIO_Init
    dac.o(.text) refers to stm32f10x_dac.o(.text) for DAC_Init
    dac.o(.text) refers to fflt_clz.o(x$fpl$ffltu) for __aeabi_ui2f
    dac.o(.text) refers to fdiv.o(x$fpl$fdiv) for __aeabi_fdiv
    dac.o(.text) refers to fmul.o(x$fpl$fmul) for __aeabi_fmul
    dac.o(.text) refers to f2d.o(x$fpl$f2d) for __aeabi_f2d
    dac.o(.text) refers to ddiv.o(x$fpl$ddiv) for __aeabi_ddiv
    dac.o(.text) refers to d2f.o(x$fpl$d2f) for __aeabi_d2f
    dac.o(.text) refers to ffixu.o(x$fpl$ffixu) for __aeabi_f2uiz
    rs485.o(.text) refers to stm32f10x_rcc.o(.text) for RCC_APB2PeriphClockCmd
    rs485.o(.text) refers to stm32f10x_gpio.o(.text) for GPIO_Init
    rs485.o(.text) refers to stm32f10x_usart.o(.text) for USART_Init
    rs485.o(.text) refers to misc.o(.text) for NVIC_Init
    rs485.o(.text) refers to delay.o(.text) for delay_ms
    rs485.o(.text) refers to rs485.o(.data) for RS485_RX_CNT
[...]
    libinit.o(.ARM.Collect$$libinit$$00000000) refers (Special) to libinit2.o(.ARM.Collect$$libinit$$0000000F) for __rt_lib_init_lc_collate_1
    libinit.o(.ARM.Collect$$libinit$$00000000) refers (Special) to libinit2.o(.ARM.Collect$$libinit$$00000011) for __rt_lib_init_lc_ctype_1
    libinit.o(.ARM.Collect$$libinit$$00000000) refers (Special) to libinit2.o(.ARM.Collect$$libinit$$00000013) for __rt_lib_init_lc_monetary_1
    libinit.o(.ARM.Collect$$libinit$$00000000) refers (Special) to libinit2.o(.ARM.Collect$$libinit$$00000015) for __rt_lib_init_lc_numeric_1
    libinit.o(.ARM.Collect$$libinit$$00000000) refers (Special) to libinit2.o(.ARM.Collect$$libinit$$00000017) for __rt_lib_init_lc_time_1
    libinit.o(.ARM.Collect$$libinit$$00000000) refers (Special) to libinit2.o(.ARM.Collect$$libinit$$0000000C) for __rt_lib_init_rand_1
    libinit.o(.ARM.Collect$$libinit$$00000000) refers (Special) to libinit2.o(.ARM.Collect$$libinit$$00000031) for __rt_lib_init_return
    libinit.o(.ARM.Collect$$libinit$$00000000) refers (Special) to libinit2.o(.ARM.Collect$$libinit$$0000001B) for __rt_lib_init_signal_1
    libinit.o(.ARM.Collect$$libinit$$00000000) refers (Special) to libinit2.o(.ARM.Collect$$libinit$$00000023) for __rt_lib_init_stdio_1
    libinit.o(.ARM.Collect$$libinit$$00000000) refers (Special) to libinit2.o(.ARM.Collect$$libinit$$0000000A) for __rt_lib_init_user_alloc_1
    libspace.o(.text) refers to libspace.o(.bss) for __libspace_start
    rtexit.o(.ARM.Collect$$rtexit$$00000000) refers (Special) to rtexit2.o(.ARM.Collect$$rtexit$$00000004) for __rt_exit_exit
    rtexit.o(.ARM.Collect$$rtexit$$00000000) refers (Special) to rtexit2.o(.ARM.Collect$$rtexit$$00000003) for __rt_exit_ls
    rtexit.o(.ARM.Collect$$rtexit$$00000000) refers (Special) to rtexit2.o(.ARM.Collect$$rtexit$$00000002) for __rt_exit_prels_1
    rtexit.o(.ARM.exidx) refers (Special) to rtexit2.o(.ARM.Collect$$rtexit$$00000004) for __rt_exit_exit
    rtexit.o(.ARM.exidx) refers (Special) to rtexit2.o(.ARM.Collect$$rtexit$$00000003) for __rt_exit_ls
    rtexit.o(.ARM.exidx) refers (Special) to rtexit2.o(.ARM.Collect$$rtexit$$00000002) for __rt_exit_prels_1
    rtexit.o(.ARM.exidx) refers to rtexit.o(.ARM.Collect$$rtexit$$00000000) for .ARM.Collect$$rtexit$$00000000
    libinit2.o(.ARM.Collect$$libinit$$0000000E) refers to libinit2.o(.ARM.Collect$$libinit$$0000000D) for .ARM.Collect$$libinit$$0000000D
    libinit2.o(.ARM.Collect$$libinit$$00000010) refers to libinit2.o(.ARM.Collect$$libinit$$0000000D) for .ARM.Collect$$libinit$$0000000D
    libinit2.o(.ARM.Collect$$libinit$$00000012) refers to libinit2.o(.ARM.Collect$$libinit$$0000000D) for .ARM.Collect$$libinit$$0000000D
    libinit2.o(.ARM.Collect$$libinit$$00000014) refers to libinit2.o(.ARM.Collect$$libinit$$0000000D) for .ARM.Collect$$libinit$$0000000D
    libinit2.o(.ARM.Collect$$libinit$$00000016) refers to libinit2.o(.ARM.Collect$$libinit$$0000000D) for .ARM.Collect$$libinit$$0000000D
    libinit2.o(.ARM.Collect$$libinit$$00000024) refers to argv_veneer.o(.emb_text) for __ARM_argv_veneer
    libinit2.o(.ARM.Collect$$libinit$$00000025) refers to argv_veneer.o(.emb_text) for __ARM_argv_veneer
    rtexit2.o(.ARM.Collect$$rtexit$$00000003) refers to libshutdown.o(.ARM.Collect$$libshutdown$$00000000) for __rt_lib_shutdown
    rtexit2.o(.ARM.Collect$$rtexit$$00000004) refers to usart.o(.text) for _sys_exit
    rtexit2.o(.ARM.exidx) refers to rtexit2.o(.ARM.Collect$$rtexit$$00000001) for .ARM.Collect$$rtexit$$00000001
    rtexit2.o(.ARM.exidx) refers to rtexit2.o(.ARM.Collect$$rtexit$$00000003) for .ARM.Collect$$rtexit$$00000003
    rtexit2.o(.ARM.exidx) refers to rtexit2.o(.ARM.Collect$$rtexit$$00000004) for .ARM.Collect$$rtexit$$00000004
    argv_veneer.o(.emb_text) refers to no_argv.o(.text) for __ARM_get_argv
    _get_argv_nomalloc.o(.text) refers (Special) to hrguard.o(.text) for __heap_region$guard
    _get_argv_nomalloc.o(.text) refers to defsig_rtmem_outer.o(.text) for __rt_SIGRTMEM
    _get_argv_nomalloc.o(.text) refers to sys_command.o(.text) for _sys_command_string
    libshutdown.o(.ARM.Collect$$libshutdown$$00000000) refers (Special) to libshutdown2.o(.ARM.Collect$$libshutdown$$00000006) for __rt_lib_shutdown_fp_trap_1
    libshutdown.o(.ARM.Collect$$libshutdown$$00000000) refers (Special) to libshutdown2.o(.ARM.Collect$$libshutdown$$0000000E) for __rt_lib_shutdown_heap_1
    libshutdown.o(.ARM.Collect$$libshutdown$$00000000) refers (Special) to libshutdown2.o(.ARM.Collect$$libshutdown$$0000000F) for __rt_lib_shutdown_return
    libshutdown.o(.ARM.Collect$$libshutdown$$00000000) refers (Special) to libshutdown2.o(.ARM.Collect$$libshutdown$$00000009) for __rt_lib_shutdown_signal_1
    libshutdown.o(.ARM.Collect$$libshutdown$$00000000) refers (Special) to libshutdown2.o(.ARM.Collect$$libshutdown$$00000003) for __rt_lib_shutdown_stdio_1
    libshutdown.o(.ARM.Collect$$libshutdown$$00000000) refers (Special) to libshutdown2.o(.ARM.Collect$$libshutdown$$0000000B) for __rt_lib_shutdown_user_alloc_1
    sys_command.o(.text) refers (Special) to use_no_semi.o(.text) for __I$use$semihosting
    sys_command.o(.text) refers (Special) to indicate_semi.o(.text) for __semihosting_library_function
    defsig_rtmem_outer.o(.text) refers to defsig_rtmem_inner.o(.text) for __rt_SIGRTMEM_inner
    defsig_rtmem_outer.o(.text) refers to defsig_exit.o(.text) for __sig_exit
    defsig_rtmem_formal.o(.text) refers to rt_raise.o(.text) for __rt_raise
    rt_raise.o(.text) refers to __raise.o(.text) for __raise
    rt_raise.o(.text) refers to usart.o(.text) for _sys_exit
    defsig_exit.o(.text) refers to usart.o(.text) for _sys_exit
    defsig_rtmem_inner.o(.text) refers to defsig_general.o(.text) for __default_signal_display
    __raise.o(.text) refers to defsig.o(CL$$defsig) for __default_signal_handler
    defsig_general.o(.text) refers to sys_wrch.o(.text) for _ttywrch
    sys_wrch.o(.text) refers (Special) to use_no_semi.o(.text) for __I$use$semihosting
    sys_wrch.o(.text) refers (Special) to indicate_semi.o(.text) for __semihosting_library_function
    defsig.o(CL$$defsig) refers to defsig_rtmem_inner.o(.text) for __rt_SIGRTMEM_inner
    defsig_abrt_inner.o(.text) refers to defsig_general.o(.text) for __default_signal_display
    defsig_fpe_inner.o(.text) refers to defsig_general.o(.text) for __default_signal_display
    defsig_rtred_inner.o(.text) refers to defsig_general.o(.text) for __default_signal_display
    defsig_stak_inner.o(.text) refers to defsig_general.o(.text) for __default_signal_display
    defsig_pvfn_inner.o(.text) refers to defsig_general.o(.text) for __default_signal_display
    defsig_cppl_inner.o(.text) refers to defsig_general.o(.text) for __default_signal_display
    defsig_segv_inner.o(.text) refers to defsig_general.o(.text) for __default_signal_display
    defsig_other.o(.text) refers to defsig_general.o(.text) for __default_signal_display


==============================================================================

Removing Unused input sections from the image.

    Removing exti.o(.data), (4 bytes).
    Removing timer.o(.data), (1 bytes).
    Removing beep.o(.text), (56 bytes).
    Removing spi.o(.text), (248 bytes).
    Removing am2305.o(.text), (464 bytes).
    Removing am2305.o(.data), (24 bytes).
    Removing max31865.o(.text), (688 bytes).
    Removing max31865.o(.data), (36 bytes).
    Removing fsx2.o(.text), (204 bytes).
    Removing fsx2.o(.bss), (40 bytes).
    Removing dac.o(.text), (188 bytes).
    Removing rs485.o(.text), (364 bytes).
    Removing rs485.o(.bss), (64 bytes).
    Removing rs485.o(.data), (1 bytes).
    Removing ds18b20.o(.text), (616 bytes).
    Removing flash.o(.text), (920 bytes).
    Removing flash.o(.bss), (4096 bytes).
    Removing flash.o(.data), (2 bytes).
    Removing opc.o(.text), (348 bytes).
    Removing opc.o(.bss), (76 bytes).
    Removing opc.o(.data), (24 bytes).
    Removing core_cm3.o(.emb_text), (32 bytes).
    Removing stm32f10x_exti.o(.text), (284 bytes).
    Removing stm32f10x_spi.o(.text), (780 bytes).
    Removing stm32f10x_dac.o(.text), (396 bytes).

25 unused section(s) (total 9956 bytes) removed from the image.

==============================================================================

Image Symbol Table

    Local Symbols

    Symbol Name                              Value     Ov Type        Size  Object(Section)

    ../clib/angel/boardlib.s                 0x00000000   Number         0  boardshut.o ABSOLUTE
    ../clib/angel/boardlib.s                 0x00000000   Number         0  boardinit3.o ABSOLUTE
    ../clib/angel/boardlib.s                 0x00000000   Number         0  boardinit2.o ABSOLUTE
    ../clib/angel/boardlib.s                 0x00000000   Number         0  boardinit1.o ABSOLUTE
    ../clib/angel/dczerorl2.s                0x00000000   Number         0  __dczerorl2.o ABSOLUTE
    ../clib/angel/handlers.s                 0x00000000   Number         0  __scatter_zi.o ABSOLUTE
    ../clib/angel/kernel.s                   0x00000000   Number         0  rtentry2.o ABSOLUTE
    ../clib/angel/kernel.s                   0x00000000   Number         0  rtentry4.o ABSOLUTE
    ../clib/angel/kernel.s                   0x00000000   Number         0  rtentry.o ABSOLUTE
    ../clib/angel/kernel.s                   0x00000000   Number         0  rtexit2.o ABSOLUTE
    ../clib/angel/kernel.s                   0x00000000   Number         0  rtexit.o ABSOLUTE
    ../clib/angel/rt.s                       0x00000000   Number         0  rt_raise.o ABSOLUTE
    ../clib/angel/scatter.s                  0x00000000   Number         0  __scatter.o ABSOLUTE
    ../clib/angel/startup.s                  0x00000000   Number         0  __main.o ABSOLUTE
    ../clib/angel/sys.s                      0x00000000   Number         0  use_no_semi.o ABSOLUTE
    ../clib/angel/sys.s                      0x00000000   Number         0  indicate_semi.o ABSOLUTE
    ../clib/angel/sys.s                      0x00000000   Number         0  sys_stackheap_outer.o ABSOLUTE
    ../clib/angel/sys.s                      0x00000000   Number         0  libspace.o ABSOLUTE
    ../clib/angel/sysapp.c                   0x00000000   Number         0  sys_wrch.o ABSOLUTE
    ../clib/angel/sysapp.c                   0x00000000   Number         0  sys_command.o ABSOLUTE
    ../clib/armsys.c                         0x00000000   Number         0  no_argv.o ABSOLUTE
    ../clib/armsys.c                         0x00000000   Number         0  argv_veneer.o ABSOLUTE
    ../clib/armsys.c                         0x00000000   Number         0  argv_veneer.o ABSOLUTE
    ../clib/armsys.c                         0x00000000   Number         0  _get_argv_nomalloc.o ABSOLUTE
    ../clib/heapalloc.c                      0x00000000   Number         0  hrguard.o ABSOLUTE
    ../clib/heapaux.c                        0x00000000   Number         0  heapauxi.o ABSOLUTE
    ../clib/libinit.s                        0x00000000   Number         0  libshutdown2.o ABSOLUTE
    ../clib/libinit.s                        0x00000000   Number         0  libshutdown.o ABSOLUTE
    ../clib/libinit.s                        0x00000000   Number         0  libinit2.o ABSOLUTE
    ../clib/libinit.s                        0x00000000   Number         0  libinit.o ABSOLUTE
    ../clib/memcpset.s                       0x00000000   Number         0  rt_memcpy_v6.o ABSOLUTE
    ../clib/memcpset.s                       0x00000000   Number         0  rt_memclr_w.o ABSOLUTE
    ../clib/memcpset.s                       0x00000000   Number         0  rt_memcpy_w.o ABSOLUTE
    ../clib/memcpset.s                       0x00000000   Number         0  rt_memclr.o ABSOLUTE
    ../clib/signal.c                         0x00000000   Number         0  defsig_rtmem_formal.o ABSOLUTE
    ../clib/signal.c                         0x00000000   Number         0  defsig_rtmem_outer.o ABSOLUTE
    ../clib/signal.c                         0x00000000   Number         0  __raise.o ABSOLUTE
    ../clib/signal.c                         0x00000000   Number         0  defsig_exit.o ABSOLUTE
    ../clib/signal.c                         0x00000000   Number         0  defsig_rtred_inner.o ABSOLUTE
    ../clib/signal.c                         0x00000000   Number         0  defsig_fpe_inner.o ABSOLUTE
    ../clib/signal.c                         0x00000000   Number         0  defsig_abrt_inner.o ABSOLUTE
    ../clib/signal.c                         0x00000000   Number         0  defsig_stak_inner.o ABSOLUTE
    ../clib/signal.c                         0x00000000   Number         0  defsig_pvfn_inner.o ABSOLUTE
    ../clib/signal.c                         0x00000000   Number         0  defsig_cppl_inner.o ABSOLUTE
    ../clib/signal.c                         0x00000000   Number         0  defsig_segv_inner.o ABSOLUTE
    ../clib/signal.c                         0x00000000   Number         0  defsig_other.o ABSOLUTE
    ../clib/signal.c                         0x00000000   Number         0  defsig_general.o ABSOLUTE
    ../clib/signal.c                         0x00000000   Number         0  defsig_rtmem_inner.o ABSOLUTE
    ../clib/signal.s                         0x00000000   Number         0  defsig.o ABSOLUTE
    ../clib/stdlib.c                         0x00000000   Number         0  exit.o ABSOLUTE
    ../fplib/d2f.s                           0x00000000   Number         0  d2f.o ABSOLUTE
    ../fplib/ddiv.s                          0x00000000   Number         0  ddiv.o ABSOLUTE
    ../fplib/dfix.s                          0x00000000   Number         0  dfix.o ABSOLUTE
    ../fplib/dmul.s                          0x00000000   Number         0  dmul.o ABSOLUTE
    ../fplib/dnaninf.s                       0x00000000   Number         0  dnaninf.o ABSOLUTE
    ../fplib/dretinf.s                       0x00000000   Number         0  dretinf.o ABSOLUTE
    ../fplib/f2d.s                           0x00000000   Number         0  f2d.o ABSOLUTE
    ../fplib/faddsub.s                       0x00000000   Number         0  faddsub_clz.o ABSOLUTE
    ../fplib/fdiv.s                          0x00000000   Number         0  fdiv.o ABSOLUTE
    ../fplib/ffixu.s                         0x00000000   Number         0  ffixu.o ABSOLUTE
    ../fplib/fflt.s                          0x00000000   Number         0  fflt_clz.o ABSOLUTE
    ../fplib/fmul.s                          0x00000000   Number         0  fmul.o ABSOLUTE
    ../fplib/fnaninf.s                       0x00000000   Number         0  fnaninf.o ABSOLUTE
    ../fplib/fpinit.s                        0x00000000   Number         0  fpinit.o ABSOLUTE
    ../fplib/fretinf.s                       0x00000000   Number         0  fretinf.o ABSOLUTE
    ../fplib/usenofp.s                       0x00000000   Number         0  usenofp.o ABSOLUTE
    ..\CORE\core_cm3.c                       0x00000000   Number         0  core_cm3.o ABSOLUTE
    ..\CORE\startup_stm32f10x_md.s           0x00000000   Number         0  startup_stm32f10x_md.o ABSOLUTE
    ..\HARDWARE\ADC\adc.c                    0x00000000   Number         0  adc.o ABSOLUTE
    ..\HARDWARE\AM2305\am2305.c              0x00000000   Number         0  am2305.o ABSOLUTE
    ..\HARDWARE\BEEP\beep.c                  0x00000000   Number         0  beep.o ABSOLUTE
    ..\HARDWARE\DAC\dac.c                    0x00000000   Number         0  dac.o ABSOLUTE
    ..\HARDWARE\DS18B20\ds18b20.c            0x00000000   Number         0  ds18b20.o ABSOLUTE
    ..\HARDWARE\EXTI\exti.c                  0x00000000   Number         0  exti.o ABSOLUTE
    ..\HARDWARE\FLASH\flash.c                0x00000000   Number         0  flash.o ABSOLUTE
    ..\HARDWARE\LED\led.c                    0x00000000   Number         0  led.o ABSOLUTE
    ..\HARDWARE\MAX31865\max31865.c          0x00000000   Number         0  max31865.o ABSOLUTE
    ..\HARDWARE\OPC\opc.c                    0x00000000   Number         0  opc.o ABSOLUTE
    ..\HARDWARE\RESPONSE\response.c          0x00000000   Number         0  response.o ABSOLUTE
    ..\HARDWARE\RS485\rs485.c                0x00000000   Number         0  rs485.o ABSOLUTE
    ..\HARDWARE\SPI\spi.c                    0x00000000   Number         0  spi.o ABSOLUTE
    ..\HARDWARE\SY-FSX2\fsx2.c               0x00000000   Number         0  fsx2.o ABSOLUTE
    ..\HARDWARE\TIMER\timer.c                0x00000000   Number         0  timer.o ABSOLUTE
    ..\MODBUS_SLAVE\mbcrc.c                  0x00000000   Number         0  mbcrc.o ABSOLUTE
    ..\MODBUS_SLAVE\modbus_slave.c           0x00000000   Number         0  modbus_slave.o ABSOLUTE
    ..\STM32F10x_FWLib\src\misc.c            0x00000000   Number         0  misc.o ABSOLUTE
    ..\STM32F10x_FWLib\src\stm32f10x_adc.c   0x00000000   Number         0  stm32f10x_adc.o ABSOLUTE
    ..\STM32F10x_FWLib\src\stm32f10x_dac.c   0x00000000   Number         0  stm32f10x_dac.o ABSOLUTE
    ..\STM32F10x_FWLib\src\stm32f10x_exti.c  0x00000000   Number         0  stm32f10x_exti.o ABSOLUTE
    ..\STM32F10x_FWLib\src\stm32f10x_gpio.c  0x00000000   Number         0  stm32f10x_gpio.o ABSOLUTE
    ..\STM32F10x_FWLib\src\stm32f10x_rcc.c   0x00000000   Number         0  stm32f10x_rcc.o ABSOLUTE
    ..\STM32F10x_FWLib\src\stm32f10x_spi.c   0x00000000   Number         0  stm32f10x_spi.o ABSOLUTE
    ..\STM32F10x_FWLib\src\stm32f10x_tim.c   0x00000000   Number         0  stm32f10x_tim.o ABSOLUTE
    ..\STM32F10x_FWLib\src\stm32f10x_usart.c 0x00000000   Number         0  stm32f10x_usart.o ABSOLUTE
    ..\SYSTEM\delay\delay.c                  0x00000000   Number         0  delay.o ABSOLUTE
    ..\SYSTEM\sys\sys.c                      0x00000000   Number         0  sys.o ABSOLUTE
    ..\SYSTEM\usart\usart.c                  0x00000000   Number         0  usart.o ABSOLUTE
    ..\\CORE\\core_cm3.c                     0x00000000   Number         0  core_cm3.o ABSOLUTE
    dc.s                                     0x00000000   Number         0  dc.o ABSOLUTE
    main.c                                   0x00000000   Number         0  main.o ABSOLUTE
    stm32f10x_it.c                           0x00000000   Number         0  stm32f10x_it.o ABSOLUTE
    system_stm32f10x.c                       0x00000000   Number         0  system_stm32f10x.o ABSOLUTE
    RESET                                    0x08000000   Section      236  startup_stm32f10x_md.o(RESET)
    !!!main                                  0x080000ec   Section        8  __main.o(!!!main)
    !!!scatter                               0x080000f4   Section       52  __scatter.o(!!!scatter)
    !!dczerorl2                              0x08000128   Section       90  __dczerorl2.o(!!dczerorl2)
    !!handler_zi                             0x08000184   Section       28  __scatter_zi.o(!!handler_zi)
    .ARM.Collect$$libinit$$00000000          0x080001a0   Section        2  libinit.o(.ARM.Collect$$libinit$$00000000)
    .ARM.Collect$$libinit$$00000002          0x080001a2   Section        0  libinit2.o(.ARM.Collect$$libinit$$00000002)
    .ARM.Collect$$libinit$$00000008          0x080001a2   Section        0  libinit2.o(.ARM.Collect$$libinit$$00000008)
    .ARM.Collect$$libinit$$0000000A          0x080001a2   Section        0  libinit2.o(.ARM.Collect$$libinit$$0000000A)
    .ARM.Collect$$libinit$$0000000C          0x080001a2   Section        0  libinit2.o(.ARM.Collect$$libinit$$0000000C)
    .ARM.Collect$$libinit$$0000000F          0x080001a2   Section        0  libinit2.o(.ARM.Collect$$libinit$$0000000F)
    .ARM.Collect$$libinit$$00000011          0x080001a2   Section        0  libinit2.o(.ARM.Collect$$libinit$$00000011)
    .ARM.Collect$$libinit$$00000013          0x080001a2   Section        0  libinit2.o(.ARM.Collect$$libinit$$00000013)
    .ARM.Collect$$libinit$$00000015          0x080001a2   Section        0  libinit2.o(.ARM.Collect$$libinit$$00000015)
    .ARM.Collect$$libinit$$00000017          0x080001a2   Section        0  libinit2.o(.ARM.Collect$$libinit$$00000017)
    .ARM.Collect$$libinit$$00000019          0x080001a2   Section        0  libinit2.o(.ARM.Collect$$libinit$$00000019)
    .ARM.Collect$$libinit$$0000001B          0x080001a2   Section        0  libinit2.o(.ARM.Collect$$libinit$$0000001B)
    .ARM.Collect$$libinit$$0000001D          0x080001a2   Section        0  libinit2.o(.ARM.Collect$$libinit$$0000001D)
    .ARM.Collect$$libinit$$0000001F          0x080001a2   Section        0  libinit2.o(.ARM.Collect$$libinit$$0000001F)
    .ARM.Collect$$libinit$$00000021          0x080001a2   Section        0  libinit2.o(.ARM.Collect$$libinit$$00000021)
    .ARM.Collect$$libinit$$00000023          0x080001a2   Section        0  libinit2.o(.ARM.Collect$$libinit$$00000023)
    .ARM.Collect$$libinit$$0000002A          0x080001a2   Section        0  libinit2.o(.ARM.Collect$$libinit$$0000002A)
    .ARM.Collect$$libinit$$0000002C          0x080001a2   Section        0  libinit2.o(.ARM.Collect$$libinit$$0000002C)
    .ARM.Collect$$libinit$$0000002E          0x080001a2   Section        0  libinit2.o(.ARM.Collect$$libinit$$0000002E)
    .ARM.Collect$$libinit$$00000030          0x080001a2   Section        0  libinit2.o(.ARM.Collect$$libinit$$00000030)
    .ARM.Collect$$libinit$$00000031          0x080001a2   Section        2  libinit2.o(.ARM.Collect$$libinit$$00000031)
    .ARM.Collect$$libshutdown$$00000000      0x080001a4   Section        2  libshutdown.o(.ARM.Collect$$libshutdown$$00000000)
    .ARM.Collect$$libshutdown$$00000003      0x080001a6   Section        0  libshutdown2.o(.ARM.Collect$$libshutdown$$00000003)
    .ARM.Collect$$libshutdown$$00000006      0x080001a6   Section        0  libshutdown2.o(.ARM.Collect$$libshutdown$$00000006)
    .ARM.Collect$$libshutdown$$00000009      0x080001a6   Section        0  libshutdown2.o(.ARM.Collect$$libshutdown$$00000009)
    .ARM.Collect$$libshutdown$$0000000B      0x080001a6   Section        0  libshutdown2.o(.ARM.Collect$$libshutdown$$0000000B)
    .ARM.Collect$$libshutdown$$0000000E      0x080001a6   Section        0  libshutdown2.o(.ARM.Collect$$libshutdown$$0000000E)
    .ARM.Collect$$libshutdown$$0000000F      0x080001a6   Section        2  libshutdown2.o(.ARM.Collect$$libshutdown$$0000000F)
    .ARM.Collect$$rtentry$$00000000          0x080001a8   Section        0  rtentry.o(.ARM.Collect$$rtentry$$00000000)
    .ARM.Collect$$rtentry$$00000002          0x080001a8   Section        0  rtentry2.o(.ARM.Collect$$rtentry$$00000002)
    .ARM.Collect$$rtentry$$00000004          0x080001a8   Section        6  rtentry4.o(.ARM.Collect$$rtentry$$00000004)
    .ARM.Collect$$rtentry$$00000009          0x080001ae   Section        0  rtentry2.o(.ARM.Collect$$rtentry$$00000009)
    .ARM.Collect$$rtentry$$0000000A          0x080001ae   Section        4  rtentry2.o(.ARM.Collect$$rtentry$$0000000A)
    .ARM.Collect$$rtentry$$0000000C          0x080001b2   Section        0  rtentry2.o(.ARM.Collect$$rtentry$$0000000C)
    .ARM.Collect$$rtentry$$0000000D          0x080001b2   Section        8  rtentry2.o(.ARM.Collect$$rtentry$$0000000D)
    .ARM.Collect$$rtexit$$00000000           0x080001ba   Section        2  rtexit.o(.ARM.Collect$$rtexit$$00000000)
    .ARM.Collect$$rtexit$$00000002           0x080001bc   Section        0  rtexit2.o(.ARM.Collect$$rtexit$$00000002)
    .ARM.Collect$$rtexit$$00000003           0x080001bc   Section        4  rtexit2.o(.ARM.Collect$$rtexit$$00000003)
    .ARM.Collect$$rtexit$$00000004           0x080001c0   Section        6  rtexit2.o(.ARM.Collect$$rtexit$$00000004)
    .text                                    0x080001c8   Section        0  main.o(.text)
    .text                                    0x0800027c   Section        0  stm32f10x_it.o(.text)
    .text                                    0x08000298   Section        0  system_stm32f10x.o(.text)
    SetSysClockTo72                          0x08000299   Thumb Code   212  system_stm32f10x.o(.text)
    SetSysClock                              0x0800036d   Thumb Code     8  system_stm32f10x.o(.text)
    .text                                    0x08000474   Section        0  led.o(.text)
    .text                                    0x080004a8   Section        0  timer.o(.text)
    .text                                    0x080005d0   Section        0  response.o(.text)
    .text                                    0x08000858   Section        0  adc.o(.text)
    .text                                    0x08000968   Section        0  delay.o(.text)
    .text                                    0x08000a38   Section        0  sys.o(.text)
    .text                                    0x08000a44   Section        0  usart.o(.text)
    .text                                    0x08000c00   Section       64  startup_stm32f10x_md.o(.text)
    .text                                    0x08000c40   Section        0  misc.o(.text)
    .text                                    0x08000d1c   Section        0  stm32f10x_gpio.o(.text)
    .text                                    0x08001074   Section        0  stm32f10x_rcc.o(.text)
    .text                                    0x08001418   Section        0  stm32f10x_usart.o(.text)
    .text                                    0x08001820   Section        0  stm32f10x_tim.o(.text)
    TI4_Config                               0x08001cc7   Thumb Code   130  stm32f10x_tim.o(.text)
    TI3_Config                               0x08001d5b   Thumb Code   122  stm32f10x_tim.o(.text)
    TI2_Config                               0x08001def   Thumb Code   130  stm32f10x_tim.o(.text)
    TI1_Config                               0x08001e83   Thumb Code   108  stm32f10x_tim.o(.text)
    .text                                    0x0800263c   Section        0  stm32f10x_adc.o(.text)
    .text                                    0x08002a8c   Section        0  mbcrc.o(.text)
    .text                                    0x08002adc   Section        0  modbus_slave.o(.text)
    .text                                    0x080031f4   Section      138  rt_memcpy_v6.o(.text)
    .text                                    0x0800327e   Section       68  rt_memclr.o(.text)
    .text                                    0x080032c2   Section        0  heapauxi.o(.text)
    .text                                    0x080032c8   Section      100  rt_memcpy_w.o(.text)
    .text                                    0x0800332c   Section       78  rt_memclr_w.o(.text)
    .text                                    0x0800337a   Section       74  sys_stackheap_outer.o(.text)
    .text                                    0x080033c4   Section        0  exit.o(.text)
    .text                                    0x080033d0   Section        8  libspace.o(.text)
    x$fpl$d2f                                0x080033d8   Section       98  d2f.o(x$fpl$d2f)
    x$fpl$ddiv                               0x0800343c   Section      688  ddiv.o(x$fpl$ddiv)
    ddiv_entry                               0x08003443   Thumb Code     0  ddiv.o(x$fpl$ddiv)
    x$fpl$dmul                               0x080036ec   Section      340  dmul.o(x$fpl$dmul)
    x$fpl$dnaninf                            0x08003840   Section      156  dnaninf.o(x$fpl$dnaninf)
    x$fpl$dretinf                            0x080038dc   Section       12  dretinf.o(x$fpl$dretinf)
    x$fpl$f2d                                0x080038e8   Section       86  f2d.o(x$fpl$f2d)
    x$fpl$fadd                               0x08003940   Section      196  faddsub_clz.o(x$fpl$fadd)
    _fadd1                                   0x0800394f   Thumb Code     0  faddsub_clz.o(x$fpl$fadd)
    x$fpl$ffixu                              0x08003a04   Section       62  ffixu.o(x$fpl$ffixu)
    x$fpl$ffltu                              0x08003a44   Section       38  fflt_clz.o(x$fpl$ffltu)
    x$fpl$fmul                               0x08003a6c   Section      258  fmul.o(x$fpl$fmul)
    x$fpl$fnaninf                            0x08003b6e   Section      140  fnaninf.o(x$fpl$fnaninf)
    x$fpl$fretinf                            0x08003bfa   Section       10  fretinf.o(x$fpl$fretinf)
    x$fpl$fsub                               0x08003c04   Section      234  faddsub_clz.o(x$fpl$fsub)
    _fsub1                                   0x08003c13   Thumb Code     0  faddsub_clz.o(x$fpl$fsub)
    .constdata                               0x08003cee   Section      512  mbcrc.o(.constdata)
    x$fpl$usenofp                            0x08003cee   Section        0  usenofp.o(x$fpl$usenofp)
    aucCRCHi                                 0x08003cee   Data         256  mbcrc.o(.constdata)
    aucCRCLo                                 0x08003dee   Data         256  mbcrc.o(.constdata)
    .data                                    0x20000000   Section       12  main.o(.data)
    .data                                    0x2000000c   Section       20  system_stm32f10x.o(.data)
    .data                                    0x20000020   Section       20  fsx2.o(.data)
    .data                                    0x20000034   Section      522  response.o(.data)
    .data                                    0x2000023e   Section        4  delay.o(.data)
    fac_us                                   0x2000023e   Data           1  delay.o(.data)
    fac_ms                                   0x20000240   Data           2  delay.o(.data)
    .data                                    0x20000244   Section        8  usart.o(.data)
    .data                                    0x2000024c   Section       20  stm32f10x_rcc.o(.data)
    APBAHBPrescTable                         0x2000024c   Data          16  stm32f10x_rcc.o(.data)
    ADCPrescTable                            0x2000025c   Data           4  stm32f10x_rcc.o(.data)
    .data                                    0x20000260   Section       26  modbus_slave.o(.data)
    .bss                                     0x2000027c   Section      300  usart.o(.bss)
    .bss                                     0x200003a8   Section     5696  modbus_slave.o(.bss)
    .bss                                     0x200019e8   Section       96  libspace.o(.bss)
    HEAP                                     0x20001a48   Section      512  startup_stm32f10x_md.o(HEAP)
    Heap_Mem                                 0x20001a48   Data         512  startup_stm32f10x_md.o(HEAP)
    STACK                                    0x20001c48   Section     1024  startup_stm32f10x_md.o(STACK)
    Stack_Mem                                0x20001c48   Data        1024  startup_stm32f10x_md.o(STACK)
    __initial_sp                             0x20002048   Data           0  startup_stm32f10x_md.o(STACK)

    Global Symbols

    Symbol Name                              Value     Ov Type        Size  Object(Section)

    BuildAttributes$$THM_ISAv4$P$D$K$B$S$PE$A:L22UL41UL21$X:L11$S22US41US21$IEEE1$IW$USESV6$~STKCKD$USESV7$~SHL$OSPACE$ROPI$EBA8$UX$STANDARDLIB$REQ8$PRES8$EABIv2 0x00000000   Number         0  anon$$obj.o ABSOLUTE
    __ARM_use_no_argv                        0x00000000   Number         0  main.o ABSOLUTE
    __ARM_exceptions_init                     - Undefined Weak Reference
    __alloca_initialize                       - Undefined Weak Reference
    __cpp_initialize__aeabi_                  - Undefined Weak Reference
    __cxa_finalize                            - Undefined Weak Reference
    __rt_locale                               - Undefined Weak Reference
    __sigvec_lookup                           - Undefined Weak Reference
    _atexit_init                              - Undefined Weak Reference
    _call_atexit_fns                          - Undefined Weak Reference
    _clock_init                               - Undefined Weak Reference
    _fp_trap_init                             - Undefined Weak Reference
    _fp_trap_shutdown                         - Undefined Weak Reference
    _get_lc_collate                           - Undefined Weak Reference
    _get_lc_ctype                             - Undefined Weak Reference
    _get_lc_monetary                          - Undefined Weak Reference
    _get_lc_numeric                           - Undefined Weak Reference
    _get_lc_time                              - Undefined Weak Reference
    _getenv_init                              - Undefined Weak Reference
    _handle_redirection                       - Undefined Weak Reference
    _init_alloc                               - Undefined Weak Reference
    _init_user_alloc                          - Undefined Weak Reference
    _initio                                   - Undefined Weak Reference
    _rand_init                                - Undefined Weak Reference
    _signal_finish                            - Undefined Weak Reference
    _signal_init                              - Undefined Weak Reference
    _terminate_alloc                          - Undefined Weak Reference
    _terminate_user_alloc                     - Undefined Weak Reference
    _terminateio                              - Undefined Weak Reference
    __Vectors_Size                           0x000000ec   Number         0  startup_stm32f10x_md.o ABSOLUTE
    __Vectors                                0x08000000   Data           4  startup_stm32f10x_md.o(RESET)
    __Vectors_End                            0x080000ec   Data           0  startup_stm32f10x_md.o(RESET)
    __main                                   0x080000ed   Thumb Code     8  __main.o(!!!main)
    __scatterload                            0x080000f5   Thumb Code     0  __scatter.o(!!!scatter)
    __scatterload_rt2                        0x080000f5   Thumb Code    44  __scatter.o(!!!scatter)
    __scatterload_rt2_thumb_only             0x080000f5   Thumb Code     0  __scatter.o(!!!scatter)
    __scatterload_null                       0x08000103   Thumb Code     0  __scatter.o(!!!scatter)
    __decompress                             0x08000129   Thumb Code    90  __dczerorl2.o(!!dczerorl2)
    __decompress1                            0x08000129   Thumb Code     0  __dczerorl2.o(!!dczerorl2)
    __scatterload_zeroinit                   0x08000185   Thumb Code    28  __scatter_zi.o(!!handler_zi)
    __rt_lib_init                            0x080001a1   Thumb Code     0  libinit.o(.ARM.Collect$$libinit$$00000000)
    __rt_lib_init_alloca_1                   0x080001a3   Thumb Code     0  libinit2.o(.ARM.Collect$$libinit$$0000002C)
    __rt_lib_init_argv_1                     0x080001a3   Thumb Code     0  libinit2.o(.ARM.Collect$$libinit$$0000002A)
    __rt_lib_init_atexit_1                   0x080001a3   Thumb Code     0  libinit2.o(.ARM.Collect$$libinit$$00000019)
    __rt_lib_init_clock_1                    0x080001a3   Thumb Code     0  libinit2.o(.ARM.Collect$$libinit$$0000001F)
    __rt_lib_init_cpp_1                      0x080001a3   Thumb Code     0  libinit2.o(.ARM.Collect$$libinit$$00000030)
    __rt_lib_init_exceptions_1               0x080001a3   Thumb Code     0  libinit2.o(.ARM.Collect$$libinit$$0000002E)
    __rt_lib_init_fp_1                       0x080001a3   Thumb Code     0  libinit2.o(.ARM.Collect$$libinit$$00000002)
    __rt_lib_init_fp_trap_1                  0x080001a3   Thumb Code     0  libinit2.o(.ARM.Collect$$libinit$$0000001D)
    __rt_lib_init_getenv_1                   0x080001a3   Thumb Code     0  libinit2.o(.ARM.Collect$$libinit$$00000021)
    __rt_lib_init_heap_1                     0x080001a3   Thumb Code     0  libinit2.o(.ARM.Collect$$libinit$$00000008)
    __rt_lib_init_lc_collate_1               0x080001a3   Thumb Code     0  libinit2.o(.ARM.Collect$$libinit$$0000000F)
    __rt_lib_init_lc_ctype_1                 0x080001a3   Thumb Code     0  libinit2.o(.ARM.Collect$$libinit$$00000011)
    __rt_lib_init_lc_monetary_1              0x080001a3   Thumb Code     0  libinit2.o(.ARM.Collect$$libinit$$00000013)
    __rt_lib_init_lc_numeric_1               0x080001a3   Thumb Code     0  libinit2.o(.ARM.Collect$$libinit$$00000015)
    __rt_lib_init_lc_time_1                  0x080001a3   Thumb Code     0  libinit2.o(.ARM.Collect$$libinit$$00000017)
    __rt_lib_init_rand_1                     0x080001a3   Thumb Code     0  libinit2.o(.ARM.Collect$$libinit$$0000000C)
    __rt_lib_init_return                     0x080001a3   Thumb Code     0  libinit2.o(.ARM.Collect$$libinit$$00000031)
    __rt_lib_init_signal_1                   0x080001a3   Thumb Code     0  libinit2.o(.ARM.Collect$$libinit$$0000001B)
    __rt_lib_init_stdio_1                    0x080001a3   Thumb Code     0  libinit2.o(.ARM.Collect$$libinit$$00000023)
    __rt_lib_init_user_alloc_1               0x080001a3   Thumb Code     0  libinit2.o(.ARM.Collect$$libinit$$0000000A)
    __rt_lib_shutdown                        0x080001a5   Thumb Code     0  libshutdown.o(.ARM.Collect$$libshutdown$$00000000)
    __rt_lib_shutdown_fp_trap_1              0x080001a7   Thumb Code     0  libshutdown2.o(.ARM.Collect$$libshutdown$$00000006)
    __rt_lib_shutdown_heap_1                 0x080001a7   Thumb Code     0  libshutdown2.o(.ARM.Collect$$libshutdown$$0000000E)
    __rt_lib_shutdown_return                 0x080001a7   Thumb Code     0  libshutdown2.o(.ARM.Collect$$libshutdown$$0000000F)
    __rt_lib_shutdown_signal_1               0x080001a7   Thumb Code     0  libshutdown2.o(.ARM.Collect$$libshutdown$$00000009)
    __rt_lib_shutdown_stdio_1                0x080001a7   Thumb Code     0  libshutdown2.o(.ARM.Collect$$libshutdown$$00000003)
    __rt_lib_shutdown_user_alloc_1           0x080001a7   Thumb Code     0  libshutdown2.o(.ARM.Collect$$libshutdown$$0000000B)
    __rt_entry                               0x080001a9   Thumb Code     0  rtentry.o(.ARM.Collect$$rtentry$$00000000)
    __rt_entry_presh_1                       0x080001a9   Thumb Code     0  rtentry2.o(.ARM.Collect$$rtentry$$00000002)
    __rt_entry_sh                            0x080001a9   Thumb Code     0  rtentry4.o(.ARM.Collect$$rtentry$$00000004)
    __rt_entry_li                            0x080001af   Thumb Code     0  rtentry2.o(.ARM.Collect$$rtentry$$0000000A)
    __rt_entry_postsh_1                      0x080001af   Thumb Code     0  rtentry2.o(.ARM.Collect$$rtentry$$00000009)
    __rt_entry_main                          0x080001b3   Thumb Code     0  rtentry2.o(.ARM.Collect$$rtentry$$0000000D)
    __rt_entry_postli_1                      0x080001b3   Thumb Code     0  rtentry2.o(.ARM.Collect$$rtentry$$0000000C)
    __rt_exit                                0x080001bb   Thumb Code     0  rtexit.o(.ARM.Collect$$rtexit$$00000000)
    __rt_exit_ls                             0x080001bd   Thumb Code     0  rtexit2.o(.ARM.Collect$$rtexit$$00000003)
    __rt_exit_prels_1                        0x080001bd   Thumb Code     0  rtexit2.o(.ARM.Collect$$rtexit$$00000002)
    __rt_exit_exit                           0x080001c1   Thumb Code     0  rtexit2.o(.ARM.Collect$$rtexit$$00000004)
    main                                     0x080001c9   Thumb Code   156  main.o(.text)
    NMI_Handler                              0x0800027d   Thumb Code     2  stm32f10x_it.o(.text)
    HardFault_Handler                        0x0800027f   Thumb Code     4  stm32f10x_it.o(.text)
    MemManage_Handler                        0x08000283   Thumb Code     4  stm32f10x_it.o(.text)
    BusFault_Handler                         0x08000287   Thumb Code     4  stm32f10x_it.o(.text)
    UsageFault_Handler                       0x0800028b   Thumb Code     4  stm32f10x_it.o(.text)
    SVC_Handler                              0x0800028f   Thumb Code     2  stm32f10x_it.o(.text)
    DebugMon_Handler                         0x08000291   Thumb Code     2  stm32f10x_it.o(.text)
    PendSV_Handler                           0x08000293   Thumb Code     2  stm32f10x_it.o(.text)
    SysTick_Handler                          0x08000295   Thumb Code     2  stm32f10x_it.o(.text)
    SystemInit                               0x08000375   Thumb Code    78  system_stm32f10x.o(.text)
    SystemCoreClockUpdate                    0x080003c3   Thumb Code   142  system_stm32f10x.o(.text)
    LED_Init                                 0x08000475   Thumb Code    46  led.o(.text)
    TIM2_Int_Init                            0x080004a9   Thumb Code    92  timer.o(.text)
    TIM2_IRQHandler                          0x08000505   Thumb Code    42  timer.o(.text)
    TIM4_Int_Init                            0x0800052f   Thumb Code    82  timer.o(.text)
    TIM4_IRQHandler                          0x08000581   Thumb Code    60  timer.o(.text)
    Modbus_CRC16                             0x080005d1   Thumb Code    48  response.o(.text)
    CleanSent_Buffer                         0x08000601   Thumb Code    12  response.o(.text)
    CleanRec_Buffer                          0x0800060d   Thumb Code    14  response.o(.text)
    CheackDat                                0x0800061b   Thumb Code   100  response.o(.text)
    CheackDat2                               0x0800067f   Thumb Code   178  response.o(.text)
    Rest                                     0x08000731   Thumb Code    68  response.o(.text)
    ACKpro                                   0x08000775   Thumb Code    70  response.o(.text)
    ENDpro                                   0x080007bb   Thumb Code    68  response.o(.text)
    PMS_IO_Init                              0x080007ff   Thumb Code    46  response.o(.text)
    Adc_Init                                 0x08000859   Thumb Code   172  adc.o(.text)
    Get_Adc                                  0x08000905   Thumb Code    46  adc.o(.text)
    Get_Adc_Average                          0x08000933   Thumb Code    46  adc.o(.text)
    delay_init                               0x08000969   Thumb Code    50  delay.o(.text)
    delay_us                                 0x0800099b   Thumb Code    70  delay.o(.text)
    delay_ms                                 0x080009e1   Thumb Code    70  delay.o(.text)
    NVIC_Configuration                       0x08000a39   Thumb Code    12  sys.o(.text)
    _sys_exit                                0x08000a45   Thumb Code     6  usart.o(.text)
    fputc                                    0x08000a4b   Thumb Code    22  usart.o(.text)
    uart1_init                               0x08000a61   Thumb Code   158  usart.o(.text)
    uart2_init                               0x08000aff   Thumb Code   162  usart.o(.text)
    USART2_IRQHandler                        0x08000ba1   Thumb Code    72  usart.o(.text)
    Reset_Handler                            0x08000c01   Thumb Code     8  startup_stm32f10x_md.o(.text)
    ADC1_2_IRQHandler                        0x08000c1b   Thumb Code     0  startup_stm32f10x_md.o(.text)
    CAN1_RX1_IRQHandler                      0x08000c1b   Thumb Code     0  startup_stm32f10x_md.o(.text)
    CAN1_SCE_IRQHandler                      0x08000c1b   Thumb Code     0  startup_stm32f10x_md.o(.text)
    DMA1_Channel1_IRQHandler                 0x08000c1b   Thumb Code     0  startup_stm32f10x_md.o(.text)
    DMA1_Channel2_IRQHandler                 0x08000c1b   Thumb Code     0  startup_stm32f10x_md.o(.text)
    DMA1_Channel3_IRQHandler                 0x08000c1b   Thumb Code     0  startup_stm32f10x_md.o(.text)
    DMA1_Channel4_IRQHandler                 0x08000c1b   Thumb Code     0  startup_stm32f10x_md.o(.text)
    DMA1_Channel5_IRQHandler                 0x08000c1b   Thumb Code     0  startup_stm32f10x_md.o(.text)
    DMA1_Channel6_IRQHandler                 0x08000c1b   Thumb Code     0  startup_stm32f10x_md.o(.text)
    DMA1_Channel7_IRQHandler                 0x08000c1b   Thumb Code     0  startup_stm32f10x_md.o(.text)
    EXTI0_IRQHandler                         0x08000c1b   Thumb Code     0  startup_stm32f10x_md.o(.text)
    EXTI15_10_IRQHandler                     0x08000c1b   Thumb Code     0  startup_stm32f10x_md.o(.text)
    EXTI1_IRQHandler                         0x08000c1b   Thumb Code     0  startup_stm32f10x_md.o(.text)
    EXTI2_IRQHandler                         0x08000c1b   Thumb Code     0  startup_stm32f10x_md.o(.text)
    EXTI3_IRQHandler                         0x08000c1b   Thumb Code     0  startup_stm32f10x_md.o(.text)
    EXTI4_IRQHandler                         0x08000c1b   Thumb Code     0  startup_stm32f10x_md.o(.text)
    EXTI9_5_IRQHandler                       0x08000c1b   Thumb Code     0  startup_stm32f10x_md.o(.text)
    FLASH_IRQHandler                         0x08000c1b   Thumb Code     0  startup_stm32f10x_md.o(.text)
    I2C1_ER_IRQHandler                       0x08000c1b   Thumb Code     0  startup_stm32f10x_md.o(.text)
    I2C1_EV_IRQHandler                       0x08000c1b   Thumb Code     0  startup_stm32f10x_md.o(.text)
    I2C2_ER_IRQHandler                       0x08000c1b   Thumb Code     0  startup_stm32f10x_md.o(.text)
    I2C2_EV_IRQHandler                       0x08000c1b   Thumb Code     0  startup_stm32f10x_md.o(.text)
    PVD_IRQHandler                           0x08000c1b   Thumb Code     0  startup_stm32f10x_md.o(.text)
    RCC_IRQHandler                           0x08000c1b   Thumb Code     0  startup_stm32f10x_md.o(.text)
    RTCAlarm_IRQHandler                      0x08000c1b   Thumb Code     0  startup_stm32f10x_md.o(.text)
    RTC_IRQHandler                           0x08000c1b   Thumb Code     0  startup_stm32f10x_md.o(.text)
    SPI1_IRQHandler                          0x08000c1b   Thumb Code     0  startup_stm32f10x_md.o(.text)
    SPI2_IRQHandler                          0x08000c1b   Thumb Code     0  startup_stm32f10x_md.o(.text)
    TAMPER_IRQHandler                        0x08000c1b   Thumb Code     0  startup_stm32f10x_md.o(.text)
    TIM1_BRK_IRQHandler                      0x08000c1b   Thumb Code     0  startup_stm32f10x_md.o(.text)
    TIM1_CC_IRQHandler                       0x08000c1b   Thumb Code     0  startup_stm32f10x_md.o(.text)
    TIM1_TRG_COM_IRQHandler                  0x08000c1b   Thumb Code     0  startup_stm32f10x_md.o(.text)
    TIM1_UP_IRQHandler                       0x08000c1b   Thumb Code     0  startup_stm32f10x_md.o(.text)
    USART3_IRQHandler                        0x08000c1b   Thumb Code     0  startup_stm32f10x_md.o(.text)
    USBWakeUp_IRQHandler                     0x08000c1b   Thumb Code     0  startup_stm32f10x_md.o(.text)
    USB_HP_CAN1_TX_IRQHandler                0x08000c1b   Thumb Code     0  startup_stm32f10x_md.o(.text)
    USB_LP_CAN1_RX0_IRQHandler               0x08000c1b   Thumb Code     0  startup_stm32f10x_md.o(.text)
    WWDG_IRQHandler                          0x08000c1b   Thumb Code     0  startup_stm32f10x_md.o(.text)
    __user_initial_stackheap                 0x08000c1d   Thumb Code     0  startup_stm32f10x_md.o(.text)
    NVIC_PriorityGroupConfig                 0x08000c41   Thumb Code    10  misc.o(.text)
    NVIC_Init                                0x08000c4b   Thumb Code   102  misc.o(.text)
    NVIC_SetVectorTable                      0x08000cb1   Thumb Code    14  misc.o(.text)
    NVIC_SystemLPConfig                      0x08000cbf   Thumb Code    34  misc.o(.text)
    SysTick_CLKSourceConfig                  0x08000ce1   Thumb Code    40  misc.o(.text)
    GPIO_DeInit                              0x08000d1d   Thumb Code   172  stm32f10x_gpio.o(.text)
    GPIO_AFIODeInit                          0x08000dc9   Thumb Code    20  stm32f10x_gpio.o(.text)
    GPIO_Init                                0x08000ddd   Thumb Code   274  stm32f10x_gpio.o(.text)
    GPIO_StructInit                          0x08000eef   Thumb Code    16  stm32f10x_gpio.o(.text)
    GPIO_ReadInputDataBit                    0x08000eff   Thumb Code    18  stm32f10x_gpio.o(.text)
    GPIO_ReadInputData                       0x08000f11   Thumb Code     8  stm32f10x_gpio.o(.text)
    GPIO_ReadOutputDataBit                   0x08000f19   Thumb Code    18  stm32f10x_gpio.o(.text)
    GPIO_ReadOutputData                      0x08000f2b   Thumb Code     8  stm32f10x_gpio.o(.text)
    GPIO_SetBits                             0x08000f33   Thumb Code     4  stm32f10x_gpio.o(.text)
    GPIO_ResetBits                           0x08000f37   Thumb Code     4  stm32f10x_gpio.o(.text)
    GPIO_WriteBit                            0x08000f3b   Thumb Code    10  stm32f10x_gpio.o(.text)
    GPIO_Write                               0x08000f45   Thumb Code     4  stm32f10x_gpio.o(.text)
    GPIO_PinLockConfig                       0x08000f49   Thumb Code    18  stm32f10x_gpio.o(.text)
    GPIO_EventOutputConfig                   0x08000f5b   Thumb Code    26  stm32f10x_gpio.o(.text)
    GPIO_EventOutputCmd                      0x08000f75   Thumb Code     6  stm32f10x_gpio.o(.text)
    GPIO_PinRemapConfig                      0x08000f7b   Thumb Code   138  stm32f10x_gpio.o(.text)
    GPIO_EXTILineConfig                      0x08001005   Thumb Code    66  stm32f10x_gpio.o(.text)
    GPIO_ETH_MediaInterfaceConfig            0x08001047   Thumb Code     6  stm32f10x_gpio.o(.text)
    RCC_DeInit                               0x08001075   Thumb Code    64  stm32f10x_rcc.o(.text)
    RCC_HSEConfig                            0x080010b5   Thumb Code    70  stm32f10x_rcc.o(.text)
    RCC_GetFlagStatus                        0x080010fb   Thumb Code    56  stm32f10x_rcc.o(.text)
    RCC_WaitForHSEStartUp                    0x08001133   Thumb Code    56  stm32f10x_rcc.o(.text)
    RCC_AdjustHSICalibrationValue            0x0800116b   Thumb Code    20  stm32f10x_rcc.o(.text)
    RCC_HSICmd                               0x0800117f   Thumb Code     6  stm32f10x_rcc.o(.text)
    RCC_PLLConfig                            0x08001185   Thumb Code    24  stm32f10x_rcc.o(.text)
    RCC_PLLCmd                               0x0800119d   Thumb Code     6  stm32f10x_rcc.o(.text)
    RCC_SYSCLKConfig                         0x080011a3   Thumb Code    18  stm32f10x_rcc.o(.text)
    RCC_GetSYSCLKSource                      0x080011b5   Thumb Code    10  stm32f10x_rcc.o(.text)
    RCC_HCLKConfig                           0x080011bf   Thumb Code    18  stm32f10x_rcc.o(.text)
    RCC_PCLK1Config                          0x080011d1   Thumb Code    18  stm32f10x_rcc.o(.text)
    RCC_PCLK2Config                          0x080011e3   Thumb Code    20  stm32f10x_rcc.o(.text)
    RCC_ITConfig                             0x080011f7   Thumb Code    26  stm32f10x_rcc.o(.text)
    RCC_USBCLKConfig                         0x08001211   Thumb Code     6  stm32f10x_rcc.o(.text)
    RCC_ADCCLKConfig                         0x08001217   Thumb Code    18  stm32f10x_rcc.o(.text)
    RCC_LSEConfig                            0x08001229   Thumb Code    44  stm32f10x_rcc.o(.text)
    RCC_LSICmd                               0x08001255   Thumb Code     6  stm32f10x_rcc.o(.text)
    RCC_RTCCLKConfig                         0x0800125b   Thumb Code    12  stm32f10x_rcc.o(.text)
    RCC_RTCCLKCmd                            0x08001267   Thumb Code     8  stm32f10x_rcc.o(.text)
    RCC_GetClocksFreq                        0x0800126f   Thumb Code   192  stm32f10x_rcc.o(.text)
    RCC_AHBPeriphClockCmd                    0x0800132f   Thumb Code    26  stm32f10x_rcc.o(.text)
    RCC_APB2PeriphClockCmd                   0x08001349   Thumb Code    26  stm32f10x_rcc.o(.text)
    RCC_APB1PeriphClockCmd                   0x08001363   Thumb Code    26  stm32f10x_rcc.o(.text)
    RCC_APB2PeriphResetCmd                   0x0800137d   Thumb Code    26  stm32f10x_rcc.o(.text)
    RCC_APB1PeriphResetCmd                   0x08001397   Thumb Code    26  stm32f10x_rcc.o(.text)
    RCC_BackupResetCmd                       0x080013b1   Thumb Code     8  stm32f10x_rcc.o(.text)
    RCC_ClockSecuritySystemCmd               0x080013b9   Thumb Code     6  stm32f10x_rcc.o(.text)
    RCC_MCOConfig                            0x080013bf   Thumb Code     6  stm32f10x_rcc.o(.text)
    RCC_ClearFlag                            0x080013c5   Thumb Code    14  stm32f10x_rcc.o(.text)
    RCC_GetITStatus                          0x080013d3   Thumb Code    20  stm32f10x_rcc.o(.text)
    RCC_ClearITPendingBit                    0x080013e7   Thumb Code     6  stm32f10x_rcc.o(.text)
    USART_DeInit                             0x08001419   Thumb Code   134  stm32f10x_usart.o(.text)
    USART_Init                               0x0800149f   Thumb Code   210  stm32f10x_usart.o(.text)
    USART_StructInit                         0x08001571   Thumb Code    24  stm32f10x_usart.o(.text)
    USART_ClockInit                          0x08001589   Thumb Code    34  stm32f10x_usart.o(.text)
    USART_ClockStructInit                    0x080015ab   Thumb Code    12  stm32f10x_usart.o(.text)
    USART_Cmd                                0x080015b7   Thumb Code    24  stm32f10x_usart.o(.text)
    USART_ITConfig                           0x080015cf   Thumb Code    74  stm32f10x_usart.o(.text)
    USART_DMACmd                             0x08001619   Thumb Code    18  stm32f10x_usart.o(.text)
    USART_SetAddress                         0x0800162b   Thumb Code    18  stm32f10x_usart.o(.text)
    USART_WakeUpConfig                       0x0800163d   Thumb Code    18  stm32f10x_usart.o(.text)
    USART_ReceiverWakeUpCmd                  0x0800164f   Thumb Code    24  stm32f10x_usart.o(.text)
    USART_LINBreakDetectLengthConfig         0x08001667   Thumb Code    18  stm32f10x_usart.o(.text)
    USART_LINCmd                             0x08001679   Thumb Code    24  stm32f10x_usart.o(.text)
    USART_SendData                           0x08001691   Thumb Code     8  stm32f10x_usart.o(.text)
    USART_ReceiveData                        0x08001699   Thumb Code    10  stm32f10x_usart.o(.text)
    USART_SendBreak                          0x080016a3   Thumb Code    10  stm32f10x_usart.o(.text)
    USART_SetGuardTime                       0x080016ad   Thumb Code    16  stm32f10x_usart.o(.text)
    USART_SetPrescaler                       0x080016bd   Thumb Code    16  stm32f10x_usart.o(.text)
    USART_SmartCardCmd                       0x080016cd   Thumb Code    24  stm32f10x_usart.o(.text)
    USART_SmartCardNACKCmd                   0x080016e5   Thumb Code    24  stm32f10x_usart.o(.text)
    USART_HalfDuplexCmd                      0x080016fd   Thumb Code    24  stm32f10x_usart.o(.text)
    USART_OverSampling8Cmd                   0x08001715   Thumb Code    22  stm32f10x_usart.o(.text)
    USART_OneBitMethodCmd                    0x0800172b   Thumb Code    24  stm32f10x_usart.o(.text)
    USART_IrDAConfig                         0x08001743   Thumb Code    18  stm32f10x_usart.o(.text)
    USART_IrDACmd                            0x08001755   Thumb Code    24  stm32f10x_usart.o(.text)
    USART_GetFlagStatus                      0x0800176d   Thumb Code    26  stm32f10x_usart.o(.text)
    USART_ClearFlag                          0x08001787   Thumb Code    18  stm32f10x_usart.o(.text)
    USART_GetITStatus                        0x08001799   Thumb Code    84  stm32f10x_usart.o(.text)
    USART_ClearITPendingBit                  0x080017ed   Thumb Code    52  stm32f10x_usart.o(.text)
    TIM_DeInit                               0x08001821   Thumb Code   424  stm32f10x_tim.o(.text)
    TIM_TimeBaseInit                         0x080019c9   Thumb Code   122  stm32f10x_tim.o(.text)
    TIM_OC1Init                              0x08001a43   Thumb Code   132  stm32f10x_tim.o(.text)
    TIM_OC2Init                              0x08001ac7   Thumb Code   154  stm32f10x_tim.o(.text)
    TIM_OC3Init                              0x08001b61   Thumb Code   150  stm32f10x_tim.o(.text)
    TIM_OC4Init                              0x08001bf7   Thumb Code   182  stm32f10x_tim.o(.text)
    TIM_SetIC4Prescaler                      0x08001cad   Thumb Code    26  stm32f10x_tim.o(.text)
    TIM_SetIC3Prescaler                      0x08001d49   Thumb Code    18  stm32f10x_tim.o(.text)
    TIM_SetIC2Prescaler                      0x08001dd5   Thumb Code    26  stm32f10x_tim.o(.text)
    TIM_SetIC1Prescaler                      0x08001e71   Thumb Code    18  stm32f10x_tim.o(.text)
    TIM_ICInit                               0x08001eef   Thumb Code   150  stm32f10x_tim.o(.text)
    TIM_PWMIConfig                           0x08001f85   Thumb Code   124  stm32f10x_tim.o(.text)
    TIM_BDTRConfig                           0x08002001   Thumb Code    32  stm32f10x_tim.o(.text)
    TIM_TimeBaseStructInit                   0x08002021   Thumb Code    18  stm32f10x_tim.o(.text)
    TIM_OCStructInit                         0x08002033   Thumb Code    20  stm32f10x_tim.o(.text)
    TIM_ICStructInit                         0x08002047   Thumb Code    18  stm32f10x_tim.o(.text)
    TIM_BDTRStructInit                       0x08002059   Thumb Code    40  stm32f10x_tim.o(.text)
    TIM_Cmd                                  0x08002081   Thumb Code    24  stm32f10x_tim.o(.text)
    TIM_CtrlPWMOutputs                       0x08002099   Thumb Code    30  stm32f10x_tim.o(.text)
    TIM_ITConfig                             0x080020b7   Thumb Code    18  stm32f10x_tim.o(.text)
    TIM_GenerateEvent                        0x080020c9   Thumb Code     4  stm32f10x_tim.o(.text)
    TIM_DMAConfig                            0x080020cd   Thumb Code    10  stm32f10x_tim.o(.text)
    TIM_DMACmd                               0x080020d7   Thumb Code    18  stm32f10x_tim.o(.text)
    TIM_InternalClockConfig                  0x080020e9   Thumb Code    12  stm32f10x_tim.o(.text)
    TIM_SelectInputTrigger                   0x080020f5   Thumb Code    18  stm32f10x_tim.o(.text)
    TIM_ITRxExternalClockConfig              0x08002107   Thumb Code    24  stm32f10x_tim.o(.text)
    TIM_TIxExternalClockConfig               0x0800211f   Thumb Code    62  stm32f10x_tim.o(.text)
    TIM_ETRConfig                            0x0800215d   Thumb Code    28  stm32f10x_tim.o(.text)
    TIM_ETRClockMode1Config                  0x08002179   Thumb Code    54  stm32f10x_tim.o(.text)
    TIM_ETRClockMode2Config                  0x080021af   Thumb Code    32  stm32f10x_tim.o(.text)
    TIM_PrescalerConfig                      0x080021cf   Thumb Code     6  stm32f10x_tim.o(.text)
    TIM_CounterModeConfig                    0x080021d5   Thumb Code    18  stm32f10x_tim.o(.text)
    TIM_EncoderInterfaceConfig               0x080021e7   Thumb Code    66  stm32f10x_tim.o(.text)
    TIM_ForcedOC1Config                      0x08002229   Thumb Code    18  stm32f10x_tim.o(.text)
    TIM_ForcedOC2Config                      0x0800223b   Thumb Code    26  stm32f10x_tim.o(.text)
    TIM_ForcedOC3Config                      0x08002255   Thumb Code    18  stm32f10x_tim.o(.text)
    TIM_ForcedOC4Config                      0x08002267   Thumb Code    26  stm32f10x_tim.o(.text)
    TIM_ARRPreloadConfig                     0x08002281   Thumb Code    24  stm32f10x_tim.o(.text)
    TIM_SelectCOM                            0x08002299   Thumb Code    24  stm32f10x_tim.o(.text)
    TIM_SelectCCDMA                          0x080022b1   Thumb Code    24  stm32f10x_tim.o(.text)
    TIM_CCPreloadControl                     0x080022c9   Thumb Code    24  stm32f10x_tim.o(.text)
    TIM_OC1PreloadConfig                     0x080022e1   Thumb Code    18  stm32f10x_tim.o(.text)
    TIM_OC2PreloadConfig                     0x080022f3   Thumb Code    26  stm32f10x_tim.o(.text)
    TIM_OC3PreloadConfig                     0x0800230d   Thumb Code    18  stm32f10x_tim.o(.text)
    TIM_OC4PreloadConfig                     0x0800231f   Thumb Code    26  stm32f10x_tim.o(.text)
    TIM_OC1FastConfig                        0x08002339   Thumb Code    18  stm32f10x_tim.o(.text)
    TIM_OC2FastConfig                        0x0800234b   Thumb Code    26  stm32f10x_tim.o(.text)
    TIM_OC3FastConfig                        0x08002365   Thumb Code    18  stm32f10x_tim.o(.text)
    TIM_OC4FastConfig                        0x08002377   Thumb Code    26  stm32f10x_tim.o(.text)
    TIM_ClearOC1Ref                          0x08002391   Thumb Code    18  stm32f10x_tim.o(.text)
    TIM_ClearOC2Ref                          0x080023a3   Thumb Code    24  stm32f10x_tim.o(.text)
    TIM_ClearOC3Ref                          0x080023bb   Thumb Code    18  stm32f10x_tim.o(.text)
    TIM_ClearOC4Ref                          0x080023cd   Thumb Code    24  stm32f10x_tim.o(.text)
    TIM_OC1PolarityConfig                    0x080023e5   Thumb Code    18  stm32f10x_tim.o(.text)
    TIM_OC1NPolarityConfig                   0x080023f7   Thumb Code    18  stm32f10x_tim.o(.text)
    TIM_OC2PolarityConfig                    0x08002409   Thumb Code    26  stm32f10x_tim.o(.text)
    TIM_OC2NPolarityConfig                   0x08002423   Thumb Code    26  stm32f10x_tim.o(.text)
    TIM_OC3PolarityConfig                    0x0800243d   Thumb Code    26  stm32f10x_tim.o(.text)
    TIM_OC3NPolarityConfig                   0x08002457   Thumb Code    26  stm32f10x_tim.o(.text)
    TIM_OC4PolarityConfig                    0x08002471   Thumb Code    26  stm32f10x_tim.o(.text)
    TIM_CCxCmd                               0x0800248b   Thumb Code    30  stm32f10x_tim.o(.text)
    TIM_CCxNCmd                              0x080024a9   Thumb Code    30  stm32f10x_tim.o(.text)
    TIM_SelectOCxM                           0x080024c7   Thumb Code    82  stm32f10x_tim.o(.text)
    TIM_UpdateDisableConfig                  0x08002519   Thumb Code    24  stm32f10x_tim.o(.text)
    TIM_UpdateRequestConfig                  0x08002531   Thumb Code    24  stm32f10x_tim.o(.text)
    TIM_SelectHallSensor                     0x08002549   Thumb Code    24  stm32f10x_tim.o(.text)
    TIM_SelectOnePulseMode                   0x08002561   Thumb Code    18  stm32f10x_tim.o(.text)
    TIM_SelectOutputTrigger                  0x08002573   Thumb Code    18  stm32f10x_tim.o(.text)
    TIM_SelectSlaveMode                      0x08002585   Thumb Code    18  stm32f10x_tim.o(.text)
    TIM_SelectMasterSlaveMode                0x08002597   Thumb Code    18  stm32f10x_tim.o(.text)
    TIM_SetCounter                           0x080025a9   Thumb Code     4  stm32f10x_tim.o(.text)
    TIM_SetAutoreload                        0x080025ad   Thumb Code     4  stm32f10x_tim.o(.text)
    TIM_SetCompare1                          0x080025b1   Thumb Code     4  stm32f10x_tim.o(.text)
    TIM_SetCompare2                          0x080025b5   Thumb Code     4  stm32f10x_tim.o(.text)
    TIM_SetCompare3                          0x080025b9   Thumb Code     4  stm32f10x_tim.o(.text)
    TIM_SetCompare4                          0x080025bd   Thumb Code     6  stm32f10x_tim.o(.text)
    TIM_SetClockDivision                     0x080025c3   Thumb Code    18  stm32f10x_tim.o(.text)
    TIM_GetCapture1                          0x080025d5   Thumb Code     6  stm32f10x_tim.o(.text)
    TIM_GetCapture2                          0x080025db   Thumb Code     6  stm32f10x_tim.o(.text)
    TIM_GetCapture3                          0x080025e1   Thumb Code     6  stm32f10x_tim.o(.text)
    TIM_GetCapture4                          0x080025e7   Thumb Code     8  stm32f10x_tim.o(.text)
    TIM_GetCounter                           0x080025ef   Thumb Code     6  stm32f10x_tim.o(.text)
    TIM_GetPrescaler                         0x080025f5   Thumb Code     6  stm32f10x_tim.o(.text)
    TIM_GetFlagStatus                        0x080025fb   Thumb Code    18  stm32f10x_tim.o(.text)
    TIM_ClearFlag                            0x0800260d   Thumb Code     6  stm32f10x_tim.o(.text)
    TIM_GetITStatus                          0x08002613   Thumb Code    34  stm32f10x_tim.o(.text)
    TIM_ClearITPendingBit                    0x08002635   Thumb Code     6  stm32f10x_tim.o(.text)
    ADC_DeInit                               0x0800263d   Thumb Code    78  stm32f10x_adc.o(.text)
    ADC_Init                                 0x0800268b   Thumb Code    70  stm32f10x_adc.o(.text)
    ADC_StructInit                           0x080026d1   Thumb Code    18  stm32f10x_adc.o(.text)
    ADC_Cmd                                  0x080026e3   Thumb Code    22  stm32f10x_adc.o(.text)
    ADC_DMACmd                               0x080026f9   Thumb Code    22  stm32f10x_adc.o(.text)
    ADC_ITConfig                             0x0800270f   Thumb Code    24  stm32f10x_adc.o(.text)
    ADC_ResetCalibration                     0x08002727   Thumb Code    10  stm32f10x_adc.o(.text)
    ADC_GetResetCalibrationStatus            0x08002731   Thumb Code    20  stm32f10x_adc.o(.text)
    ADC_StartCalibration                     0x08002745   Thumb Code    10  stm32f10x_adc.o(.text)
    ADC_GetCalibrationStatus                 0x0800274f   Thumb Code    20  stm32f10x_adc.o(.text)
    ADC_SoftwareStartConvCmd                 0x08002763   Thumb Code    22  stm32f10x_adc.o(.text)
    ADC_GetSoftwareStartConvStatus           0x08002779   Thumb Code    20  stm32f10x_adc.o(.text)
    ADC_DiscModeChannelCountConfig           0x0800278d   Thumb Code    24  stm32f10x_adc.o(.text)
    ADC_DiscModeCmd                          0x080027a5   Thumb Code    22  stm32f10x_adc.o(.text)
    ADC_RegularChannelConfig                 0x080027bb   Thumb Code   184  stm32f10x_adc.o(.text)
    ADC_ExternalTrigConvCmd                  0x08002873   Thumb Code    22  stm32f10x_adc.o(.text)
    ADC_GetConversionValue                   0x08002889   Thumb Code     8  stm32f10x_adc.o(.text)
    ADC_GetDualModeConversionValue           0x08002891   Thumb Code     8  stm32f10x_adc.o(.text)
    ADC_AutoInjectedConvCmd                  0x08002899   Thumb Code    22  stm32f10x_adc.o(.text)
    ADC_InjectedDiscModeCmd                  0x080028af   Thumb Code    22  stm32f10x_adc.o(.text)
    ADC_ExternalTrigInjectedConvConfig       0x080028c5   Thumb Code    16  stm32f10x_adc.o(.text)
    ADC_ExternalTrigInjectedConvCmd          0x080028d5   Thumb Code    22  stm32f10x_adc.o(.text)
    ADC_SoftwareStartInjectedConvCmd         0x080028eb   Thumb Code    22  stm32f10x_adc.o(.text)
    ADC_GetSoftwareStartInjectedConvCmdStatus 0x08002901   Thumb Code    20  stm32f10x_adc.o(.text)
    ADC_InjectedChannelConfig                0x08002915   Thumb Code   130  stm32f10x_adc.o(.text)
    ADC_InjectedSequencerLengthConfig        0x08002997   Thumb Code    24  stm32f10x_adc.o(.text)
    ADC_SetInjectedOffset                    0x080029af   Thumb Code    20  stm32f10x_adc.o(.text)
    ADC_GetInjectedConversionValue           0x080029c3   Thumb Code    28  stm32f10x_adc.o(.text)
    ADC_AnalogWatchdogCmd                    0x080029df   Thumb Code    16  stm32f10x_adc.o(.text)
    ADC_AnalogWatchdogThresholdsConfig       0x080029ef   Thumb Code     6  stm32f10x_adc.o(.text)
    ADC_AnalogWatchdogSingleChannelConfig    0x080029f5   Thumb Code    16  stm32f10x_adc.o(.text)
    ADC_TempSensorVrefintCmd                 0x08002a05   Thumb Code    64  stm32f10x_adc.o(.text)
    ADC_GetFlagStatus                        0x08002a45   Thumb Code    18  stm32f10x_adc.o(.text)
    ADC_ClearFlag                            0x08002a57   Thumb Code     6  stm32f10x_adc.o(.text)
    ADC_GetITStatus                          0x08002a5d   Thumb Code    36  stm32f10x_adc.o(.text)
    ADC_ClearITPendingBit                    0x08002a81   Thumb Code    10  stm32f10x_adc.o(.text)
    checkLen                                 0x08002a8d   Thumb Code    16  mbcrc.o(.text)
    usMBCRC16                                0x08002a9d   Thumb Code    56  mbcrc.o(.text)
    Modbus_RegMap                            0x08002add   Thumb Code    38  modbus_slave.o(.text)
    Timer3_Init                              0x08002b03   Thumb Code    96  modbus_slave.o(.text)
    RS485_Initt                              0x08002b63   Thumb Code   212  modbus_slave.o(.text)
    RS485_SendData                           0x08002c37   Thumb Code    64  modbus_slave.o(.text)
    USART1_IRQHandler                        0x08002c77   Thumb Code    78  modbus_slave.o(.text)
    TIM3_IRQHandler                          0x08002cc5   Thumb Code    40  modbus_slave.o(.text)
    Modbus_16_Solve                          0x08002ced   Thumb Code   222  modbus_slave.o(.text)
    Modbus_06_Solve                          0x08002dcb   Thumb Code   126  modbus_slave.o(.text)
    Modbus_04_Solve                          0x08002e49   Thumb Code   318  modbus_slave.o(.text)
    Modbus_03_Solve                          0x08002f87   Thumb Code   230  modbus_slave.o(.text)
    RS485_Service                            0x0800306d   Thumb Code   352  modbus_slave.o(.text)
    __aeabi_memcpy                           0x080031f5   Thumb Code     0  rt_memcpy_v6.o(.text)
    __rt_memcpy                              0x080031f5   Thumb Code   138  rt_memcpy_v6.o(.text)
    _memcpy_lastbytes                        0x0800325b   Thumb Code     0  rt_memcpy_v6.o(.text)
    __aeabi_memclr                           0x0800327f   Thumb Code     0  rt_memclr.o(.text)
    __rt_memclr                              0x0800327f   Thumb Code    68  rt_memclr.o(.text)
    _memset                                  0x08003283   Thumb Code     0  rt_memclr.o(.text)
    __use_two_region_memory                  0x080032c3   Thumb Code     2  heapauxi.o(.text)
    __rt_heap_escrow$2region                 0x080032c5   Thumb Code     2  heapauxi.o(.text)
    __rt_heap_expand$2region                 0x080032c7   Thumb Code     2  heapauxi.o(.text)
    __aeabi_memcpy4                          0x080032c9   Thumb Code     0  rt_memcpy_w.o(.text)
    __aeabi_memcpy8                          0x080032c9   Thumb Code     0  rt_memcpy_w.o(.text)
    __rt_memcpy_w                            0x080032c9   Thumb Code   100  rt_memcpy_w.o(.text)
    _memcpy_lastbytes_aligned                0x08003311   Thumb Code     0  rt_memcpy_w.o(.text)
    __aeabi_memclr4                          0x0800332d   Thumb Code     0  rt_memclr_w.o(.text)
    __aeabi_memclr8                          0x0800332d   Thumb Code     0  rt_memclr_w.o(.text)
    __rt_memclr_w                            0x0800332d   Thumb Code    78  rt_memclr_w.o(.text)
    _memset_w                                0x08003331   Thumb Code     0  rt_memclr_w.o(.text)
    __user_setup_stackheap                   0x0800337b   Thumb Code    74  sys_stackheap_outer.o(.text)
    exit                                     0x080033c5   Thumb Code    12  exit.o(.text)
    __user_libspace                          0x080033d1   Thumb Code     8  libspace.o(.text)
    __user_perproc_libspace                  0x080033d1   Thumb Code     0  libspace.o(.text)
    __user_perthread_libspace                0x080033d1   Thumb Code     0  libspace.o(.text)
    __aeabi_d2f                              0x080033d9   Thumb Code     0  d2f.o(x$fpl$d2f)
    _d2f                                     0x080033d9   Thumb Code    98  d2f.o(x$fpl$d2f)
    __aeabi_ddiv                             0x0800343d   Thumb Code     0  ddiv.o(x$fpl$ddiv)
    _ddiv                                    0x0800343d   Thumb Code   552  ddiv.o(x$fpl$ddiv)
    __aeabi_dmul                             0x080036ed   Thumb Code     0  dmul.o(x$fpl$dmul)
    _dmul                                    0x080036ed   Thumb Code   332  dmul.o(x$fpl$dmul)
    __fpl_dnaninf                            0x08003841   Thumb Code   156  dnaninf.o(x$fpl$dnaninf)
    __fpl_dretinf                            0x080038dd   Thumb Code    12  dretinf.o(x$fpl$dretinf)
    __aeabi_f2d                              0x080038e9   Thumb Code     0  f2d.o(x$fpl$f2d)
    _f2d                                     0x080038e9   Thumb Code    86  f2d.o(x$fpl$f2d)
    __aeabi_fadd                             0x08003941   Thumb Code     0  faddsub_clz.o(x$fpl$fadd)
    _fadd                                    0x08003941   Thumb Code   196  faddsub_clz.o(x$fpl$fadd)
    __aeabi_f2uiz                            0x08003a05   Thumb Code     0  ffixu.o(x$fpl$ffixu)
    _ffixu                                   0x08003a05   Thumb Code    62  ffixu.o(x$fpl$ffixu)
    __aeabi_ui2f                             0x08003a45   Thumb Code     0  fflt_clz.o(x$fpl$ffltu)
    _ffltu                                   0x08003a45   Thumb Code    38  fflt_clz.o(x$fpl$ffltu)
    __aeabi_fmul                             0x08003a6d   Thumb Code     0  fmul.o(x$fpl$fmul)
    _fmul                                    0x08003a6d   Thumb Code   258  fmul.o(x$fpl$fmul)
    __fpl_fnaninf                            0x08003b6f   Thumb Code   140  fnaninf.o(x$fpl$fnaninf)
    __fpl_fretinf                            0x08003bfb   Thumb Code    10  fretinf.o(x$fpl$fretinf)
    __aeabi_fsub                             0x08003c05   Thumb Code     0  faddsub_clz.o(x$fpl$fsub)
    _fsub                                    0x08003c05   Thumb Code   234  faddsub_clz.o(x$fpl$fsub)
    __I$use$fp                               0x08003cee   Number         0  usenofp.o(x$fpl$usenofp)
    Region$$Table$$Base                      0x08003ef0   Number         0  anon$$obj.o(Region$$Table)
    Region$$Table$$Limit                     0x08003f10   Number         0  anon$$obj.o(Region$$Table)
    adcx                                     0x20000000   Data           2  main.o(.data)
    adc_value                                0x20000004   Data           4  main.o(.data)
    TVOCPpm                                  0x20000008   Data           4  main.o(.data)
    SystemCoreClock                          0x2000000c   Data           4  system_stm32f10x.o(.data)
    AHBPrescTable                            0x20000010   Data          16  system_stm32f10x.o(.data)
    FSX_TX_BUF                               0x20000020   Data           8  fsx2.o(.data)
    CLD_TX_BUF                               0x20000028   Data           5  fsx2.o(.data)
    windSpeed                                0x2000002e   Data           2  fsx2.o(.data)
    windDir                                  0x20000030   Data           2  fsx2.o(.data)
    LaserTsp                                 0x20000032   Data           2  fsx2.o(.data)
    controlStep                              0x20000034   Data           1  response.o(.data)
    LaserPm25                                0x20000036   Data           2  response.o(.data)
    LaserPm10                                0x20000038   Data           2  response.o(.data)
    PmErrorCnt                               0x2000003a   Data           1  response.o(.data)
    auchCRCLo                                0x2000003b   Data         256  response.o(.data)
    auchCRCHi                                0x2000013b   Data         256  response.o(.data)
    RedundancyCheck                          0x2000023c   Data           2  response.o(.data)
    USART_RX_STA                             0x20000244   Data           2  usart.o(.data)
    USART2_RX_STA                            0x20000246   Data           2  usart.o(.data)
    __stdout                                 0x20000248   Data           4  usart.o(.data)
    RS485_Baudrate                           0x20000260   Data           4  modbus_slave.o(.data)
    RS485_Parity                             0x20000264   Data           1  modbus_slave.o(.data)
    RS485_Addr                               0x20000265   Data           1  modbus_slave.o(.data)
    RS485_Frame_Distance                     0x20000266   Data           2  modbus_slave.o(.data)
    RS485_RX_CNTT                            0x20000268   Data           2  modbus_slave.o(.data)
    RS485_FrameFlag                          0x2000026a   Data           1  modbus_slave.o(.data)
    RS485_TX_CNT                             0x2000026c   Data           2  modbus_slave.o(.data)
    windSpeedDirType                         0x2000026e   Data           2  modbus_slave.o(.data)
    laserType                                0x20000270   Data           2  modbus_slave.o(.data)
    noiseType                                0x20000272   Data           2  modbus_slave.o(.data)
    startRegAddr                             0x20000274   Data           2  modbus_slave.o(.data)
    RegNum                                   0x20000276   Data           2  modbus_slave.o(.data)
    calCRC                                   0x20000278   Data           2  modbus_slave.o(.data)
    USART_RX_BUF                             0x2000027c   Data          50  usart.o(.bss)
    USART_TX_BUF                             0x200002ae   Data          50  usart.o(.bss)
    Receive_Buffer                           0x200002e0   Data          50  usart.o(.bss)
    USART2_TX_BUF                            0x20000312   Data          50  usart.o(.bss)
    USART2_RX_BUF                            0x20000344   Data          50  usart.o(.bss)
    Receive2_Buffer                          0x20000376   Data          50  usart.o(.bss)
    RS485_RX_BUFF                            0x200003a8   Data        2048  modbus_slave.o(.bss)
    RS485_TX_BUFF                            0x20000ba8   Data        2048  modbus_slave.o(.bss)
    Modbus_InputIO                           0x200013a8   Data         400  modbus_slave.o(.bss)
    Modbus_OutputIO                          0x20001538   Data         400  modbus_slave.o(.bss)
    Modbus_HoldReg                           0x200016c8   Data         400  modbus_slave.o(.bss)
    Modbus_InputReg                          0x20001858   Data         400  modbus_slave.o(.bss)
    __libspace_start                         0x200019e8   Data          96  libspace.o(.bss)
    __temporary_stack_top$libspace           0x20001a48   Data           0  libspace.o(.bss)



==============================================================================

Memory Map of the image

  Image Entry point : 0x080000ed

  Load Region LR_IROM1 (Base: 0x08000000, Size: 0x0000418c, Max: 0x00010000, ABSOLUTE, COMPRESSED[0x0000406c])

    Execution Region ER_IROM1 (Base: 0x08000000, Size: 0x00003f10, Max: 0x00010000, ABSOLUTE)

    Base Addr    Size         Type   Attr      Idx    E Section Name        Object

    0x08000000   0x000000ec   Data   RO          476    RESET               startup_stm32f10x_md.o
    0x080000ec   0x00000008   Code   RO          630  * !!!main             c_w.l(__main.o)
    0x080000f4   0x00000034   Code   RO          833    !!!scatter          c_w.l(__scatter.o)
    0x08000128   0x0000005a   Code   RO          831    !!dczerorl2         c_w.l(__dczerorl2.o)
    0x08000182   0x00000002   PAD
    0x08000184   0x0000001c   Code   RO          835    !!handler_zi        c_w.l(__scatter_zi.o)
    0x080001a0   0x00000002   Code   RO          706    .ARM.Collect$$libinit$$00000000  c_w.l(libinit.o)
    0x080001a2   0x00000000   Code   RO          713    .ARM.Collect$$libinit$$00000002  c_w.l(libinit2.o)
    0x080001a2   0x00000000   Code   RO          716    .ARM.Collect$$libinit$$00000008  c_w.l(libinit2.o)
    0x080001a2   0x00000000   Code   RO          718    .ARM.Collect$$libinit$$0000000A  c_w.l(libinit2.o)
    0x080001a2   0x00000000   Code   RO          720    .ARM.Collect$$libinit$$0000000C  c_w.l(libinit2.o)
    0x080001a2   0x00000000   Code   RO          723    .ARM.Collect$$libinit$$0000000F  c_w.l(libinit2.o)
    0x080001a2   0x00000000   Code   RO          725    .ARM.Collect$$libinit$$00000011  c_w.l(libinit2.o)
    0x080001a2   0x00000000   Code   RO          727    .ARM.Collect$$libinit$$00000013  c_w.l(libinit2.o)
    0x080001a2   0x00000000   Code   RO          729    .ARM.Collect$$libinit$$00000015  c_w.l(libinit2.o)
    0x080001a2   0x00000000   Code   RO          731    .ARM.Collect$$libinit$$00000017  c_w.l(libinit2.o)
    0x080001a2   0x00000000   Code   RO          733    .ARM.Collect$$libinit$$00000019  c_w.l(libinit2.o)
    0x080001a2   0x00000000   Code   RO          735    .ARM.Collect$$libinit$$0000001B  c_w.l(libinit2.o)
    0x080001a2   0x00000000   Code   RO          737    .ARM.Collect$$libinit$$0000001D  c_w.l(libinit2.o)
    0x080001a2   0x00000000   Code   RO          739    .ARM.Collect$$libinit$$0000001F  c_w.l(libinit2.o)
    0x080001a2   0x00000000   Code   RO          741    .ARM.Collect$$libinit$$00000021  c_w.l(libinit2.o)
    0x080001a2   0x00000000   Code   RO          743    .ARM.Collect$$libinit$$00000023  c_w.l(libinit2.o)
    0x080001a2   0x00000000   Code   RO          747    .ARM.Collect$$libinit$$0000002A  c_w.l(libinit2.o)
    0x080001a2   0x00000000   Code   RO          749    .ARM.Collect$$libinit$$0000002C  c_w.l(libinit2.o)
    0x080001a2   0x00000000   Code   RO          751    .ARM.Collect$$libinit$$0000002E  c_w.l(libinit2.o)
    0x080001a2   0x00000000   Code   RO          753    .ARM.Collect$$libinit$$00000030  c_w.l(libinit2.o)
    0x080001a2   0x00000002   Code   RO          754    .ARM.Collect$$libinit$$00000031  c_w.l(libinit2.o)
    0x080001a4   0x00000002   Code   RO          772    .ARM.Collect$$libshutdown$$00000000  c_w.l(libshutdown.o)
    0x080001a6   0x00000000   Code   RO          783    .ARM.Collect$$libshutdown$$00000003  c_w.l(libshutdown2.o)
    0x080001a6   0x00000000   Code   RO          786    .ARM.Collect$$libshutdown$$00000006  c_w.l(libshutdown2.o)
    0x080001a6   0x00000000   Code   RO          789    .ARM.Collect$$libshutdown$$00000009  c_w.l(libshutdown2.o)
    0x080001a6   0x00000000   Code   RO          791    .ARM.Collect$$libshutdown$$0000000B  c_w.l(libshutdown2.o)
    0x080001a6   0x00000000   Code   RO          794    .ARM.Collect$$libshutdown$$0000000E  c_w.l(libshutdown2.o)
    0x080001a6   0x00000002   Code   RO          795    .ARM.Collect$$libshutdown$$0000000F  c_w.l(libshutdown2.o)
    0x080001a8   0x00000000   Code   RO          668    .ARM.Collect$$rtentry$$00000000  c_w.l(rtentry.o)
    0x080001a8   0x00000000   Code   RO          683    .ARM.Collect$$rtentry$$00000002  c_w.l(rtentry2.o)
    0x080001a8   0x00000006   Code   RO          695    .ARM.Collect$$rtentry$$00000004  c_w.l(rtentry4.o)
    0x080001ae   0x00000000   Code   RO          685    .ARM.Collect$$rtentry$$00000009  c_w.l(rtentry2.o)
    0x080001ae   0x00000004   Code   RO          686    .ARM.Collect$$rtentry$$0000000A  c_w.l(rtentry2.o)
    0x080001b2   0x00000000   Code   RO          688    .ARM.Collect$$rtentry$$0000000C  c_w.l(rtentry2.o)
    0x080001b2   0x00000008   Code   RO          689    .ARM.Collect$$rtentry$$0000000D  c_w.l(rtentry2.o)
    0x080001ba   0x00000002   Code   RO          710    .ARM.Collect$$rtexit$$00000000  c_w.l(rtexit.o)
    0x080001bc   0x00000000   Code   RO          756    .ARM.Collect$$rtexit$$00000002  c_w.l(rtexit2.o)
    0x080001bc   0x00000004   Code   RO          757    .ARM.Collect$$rtexit$$00000003  c_w.l(rtexit2.o)
    0x080001c0   0x00000006   Code   RO          758    .ARM.Collect$$rtexit$$00000004  c_w.l(rtexit2.o)
    0x080001c6   0x00000002   PAD
    0x080001c8   0x000000b4   Code   RO            1    .text               main.o
    0x0800027c   0x0000001a   Code   RO          103    .text               stm32f10x_it.o
    0x08000296   0x00000002   PAD
    0x08000298   0x000001dc   Code   RO          141    .text               system_stm32f10x.o
    0x08000474   0x00000034   Code   RO          159    .text               led.o
    0x080004a8   0x00000128   Code   RO          183    .text               timer.o
    0x080005d0   0x00000288   Code   RO          297    .text               response.o
    0x08000858   0x00000110   Code   RO          315    .text               adc.o
    0x08000968   0x000000d0   Code   RO          414    .text               delay.o
    0x08000a38   0x0000000c   Code   RO          428    .text               sys.o
    0x08000a44   0x000001bc   Code   RO          440    .text               usart.o
    0x08000c00   0x00000040   Code   RO          477    .text               startup_stm32f10x_md.o
    0x08000c40   0x000000dc   Code   RO          481    .text               misc.o
    0x08000d1c   0x00000358   Code   RO          493    .text               stm32f10x_gpio.o
    0x08001074   0x000003a4   Code   RO          505    .text               stm32f10x_rcc.o
    0x08001418   0x00000408   Code   RO          519    .text               stm32f10x_usart.o
    0x08001820   0x00000e1a   Code   RO          543    .text               stm32f10x_tim.o
    0x0800263a   0x00000002   PAD
    0x0800263c   0x0000044e   Code   RO          567    .text               stm32f10x_adc.o
    0x08002a8a   0x00000002   PAD
    0x08002a8c   0x00000050   Code   RO          591    .text               mbcrc.o
    0x08002adc   0x00000718   Code   RO          605    .text               modbus_slave.o
    0x080031f4   0x0000008a   Code   RO          624    .text               c_w.l(rt_memcpy_v6.o)
    0x0800327e   0x00000044   Code   RO          626    .text               c_w.l(rt_memclr.o)
    0x080032c2   0x00000006   Code   RO          628    .text               c_w.l(heapauxi.o)
    0x080032c8   0x00000064   Code   RO          669    .text               c_w.l(rt_memcpy_w.o)
    0x0800332c   0x0000004e   Code   RO          671    .text               c_w.l(rt_memclr_w.o)
    0x0800337a   0x0000004a   Code   RO          697    .text               c_w.l(sys_stackheap_outer.o)
    0x080033c4   0x0000000c   Code   RO          699    .text               c_w.l(exit.o)
    0x080033d0   0x00000008   Code   RO          707    .text               c_w.l(libspace.o)
    0x080033d8   0x00000062   Code   RO          632    x$fpl$d2f           fz_ws.l(d2f.o)
    0x0800343a   0x00000002   PAD
    0x0800343c   0x000002b0   Code   RO          635    x$fpl$ddiv          fz_ws.l(ddiv.o)
    0x080036ec   0x00000154   Code   RO          642    x$fpl$dmul          fz_ws.l(dmul.o)
    0x08003840   0x0000009c   Code   RO          673    x$fpl$dnaninf       fz_ws.l(dnaninf.o)
    0x080038dc   0x0000000c   Code   RO          675    x$fpl$dretinf       fz_ws.l(dretinf.o)
    0x080038e8   0x00000056   Code   RO          644    x$fpl$f2d           fz_ws.l(f2d.o)
    0x0800393e   0x00000002   PAD
    0x08003940   0x000000c4   Code   RO          646    x$fpl$fadd          fz_ws.l(faddsub_clz.o)
    0x08003a04   0x0000003e   Code   RO          656    x$fpl$ffixu         fz_ws.l(ffixu.o)
    0x08003a42   0x00000002   PAD
    0x08003a44   0x00000026   Code   RO          660    x$fpl$ffltu         fz_ws.l(fflt_clz.o)
    0x08003a6a   0x00000002   PAD
    0x08003a6c   0x00000102   Code   RO          666    x$fpl$fmul          fz_ws.l(fmul.o)
    0x08003b6e   0x0000008c   Code   RO          677    x$fpl$fnaninf       fz_ws.l(fnaninf.o)
    0x08003bfa   0x0000000a   Code   RO          679    x$fpl$fretinf       fz_ws.l(fretinf.o)
    0x08003c04   0x000000ea   Code   RO          648    x$fpl$fsub          fz_ws.l(faddsub_clz.o)
    0x08003cee   0x00000000   Code   RO          681    x$fpl$usenofp       fz_ws.l(usenofp.o)
    0x08003cee   0x00000200   Data   RO          592    .constdata          mbcrc.o
    0x08003eee   0x00000002   PAD
    0x08003ef0   0x00000020   Data   RO          829    Region$$Table       anon$$obj.o


    Execution Region RW_IRAM1 (Base: 0x20000000, Size: 0x00002048, Max: 0x00005000, ABSOLUTE, COMPRESSED[0x0000015c])

    Base Addr    Size         Type   Attr      Idx    E Section Name        Object

    0x20000000   0x0000000c   Data   RW            2    .data               main.o
    0x2000000c   0x00000014   Data   RW          142    .data               system_stm32f10x.o
    0x20000020   0x00000014   Data   RW          276    .data               fsx2.o
    0x20000034   0x0000020a   Data   RW          298    .data               response.o
    0x2000023e   0x00000004   Data   RW          415    .data               delay.o
    0x20000242   0x00000002   PAD
    0x20000244   0x00000008   Data   RW          442    .data               usart.o
    0x2000024c   0x00000014   Data   RW          506    .data               stm32f10x_rcc.o
    0x20000260   0x0000001a   Data   RW          607    .data               modbus_slave.o
    0x2000027a   0x00000002   PAD
    0x2000027c   0x0000012c   Zero   RW          441    .bss                usart.o
    0x200003a8   0x00001640   Zero   RW          606    .bss                modbus_slave.o
    0x200019e8   0x00000060   Zero   RW          708    .bss                c_w.l(libspace.o)
    0x20001a48   0x00000200   Zero   RW          475    HEAP                startup_stm32f10x_md.o
    0x20001c48   0x00000400   Zero   RW          474    STACK               startup_stm32f10x_md.o


==============================================================================

Image component sizes


      Code (inc. data)   RO Data    RW Data    ZI Data      Debug   Object Name

       272          8          0          0          0       1051   adc.o
         0          0          0          0          0         32   core_cm3.o
       208         18          0          4          0        935   delay.o
         0          0          0         20          0        821   fsx2.o
        52          6          0          0          0        443   led.o
       180         24          0         12          0     262220   main.o
        80          8        512          0          0       1289   mbcrc.o
       220         20          0          0          0       1713   misc.o
      1816        124          0         26       5696       4457   modbus_slave.o
       648         44          0        522          0       3181   response.o
        64         26        236          0       1536        752   startup_stm32f10x_md.o
      1102         26          0          0          0      10749   stm32f10x_adc.o
       856         40          0          0          0       5561   stm32f10x_gpio.o
        26          0          0          0          0       1138   stm32f10x_it.o
       932         44          0         20          0       8692   stm32f10x_rcc.o
      3610         88          0          0          0      22044   stm32f10x_tim.o
      1032         22          0          0          0       8284   stm32f10x_usart.o
        12          0          0          0          0        409   sys.o
       476         36          0         20          0       1611   system_stm32f10x.o
       296         20          0          0          0       1170   timer.o
       444         24          0          8        300       3736   usart.o

    ----------------------------------------------------------------------
     12332        578        782        636       7532     340288   Object Totals
         0          0         32          0          0          0   (incl. Generated)
         6          0          2          4          0          0   (incl. Padding)

    ----------------------------------------------------------------------

      Code (inc. data)   RO Data    RW Data    ZI Data      Debug   Library Member Name

        90          0          0          0          0          0   __dczerorl2.o
         8          0          0          0          0         68   __main.o
        52          8          0          0          0          0   __scatter.o
        28          0          0          0          0          0   __scatter_zi.o
        12          0          0          0          0         72   exit.o
         6          0          0          0          0        152   heapauxi.o
         2          0          0          0          0          0   libinit.o
         2          0          0          0          0          0   libinit2.o
         2          0          0          0          0          0   libshutdown.o
         2          0          0          0          0          0   libshutdown2.o
         8          4          0          0         96         68   libspace.o
        68          0          0          0          0         68   rt_memclr.o
        78          0          0          0          0         80   rt_memclr_w.o
       138          0          0          0          0         68   rt_memcpy_v6.o
       100          0          0          0          0         80   rt_memcpy_w.o
         0          0          0          0          0          0   rtentry.o
        12          0          0          0          0          0   rtentry2.o
         6          0          0          0          0          0   rtentry4.o
         2          0          0          0          0          0   rtexit.o
        10          0          0          0          0          0   rtexit2.o
        74          0          0          0          0         80   sys_stackheap_outer.o
        98          4          0          0          0         92   d2f.o
       688        140          0          0          0        208   ddiv.o
       340         12          0          0          0        104   dmul.o
       156          4          0          0          0         92   dnaninf.o
        12          0          0          0          0         68   dretinf.o
        86          4          0          0          0         84   f2d.o
       430          8          0          0          0        168   faddsub_clz.o
        62          4          0          0          0         84   ffixu.o
        38          0          0          0          0         68   fflt_clz.o
       258          4          0          0          0         84   fmul.o
       140          4          0          0          0         84   fnaninf.o
        10          0          0          0          0         68   fretinf.o
         0          0          0          0          0          0   usenofp.o

    ----------------------------------------------------------------------
      3030        196          0          0         96       1940   Library Totals
        12          0          0          0          0          0   (incl. Padding)

    ----------------------------------------------------------------------

      Code (inc. data)   RO Data    RW Data    ZI Data      Debug   Library Name

       700         12          0          0         96        736   c_w.l
      2318        184          0          0          0       1204   fz_ws.l

    ----------------------------------------------------------------------
      3030        196          0          0         96       1940   Library Totals

    ----------------------------------------------------------------------

==============================================================================


      Code (inc. data)   RO Data    RW Data    ZI Data      Debug   

     15362        774        782        636       7628     339576   Grand Totals
     15362        774        782        348       7628     339576   ELF Image Totals (compressed)
     15362        774        782        348          0          0   ROM Totals

==============================================================================

    Total RO  Size (Code + RO Data)                16144 (  15.77kB)
    Total RW  Size (RW Data + ZI Data)              8264 (   8.07kB)
    Total ROM Size (Code + RO Data + RW Data)      16492 (  16.11kB)

==============================================================================

